00410
00682
00836
01128
01638
02777
03308
03337
104372
153435
170228100
2914
34V
4197
5347
8303
8304
8750
9202
A
AA
AAAG
AAAP
AAAP
AABB
AAC
AACC
AACS
AADG
AADI
AAEH
AAGC
AAGH
AAGIY
AAIIQ
AAIR
AAL
AAMC
AAME
AAMUQ
AAN
AAOI
AAON
AAP
AAPC
AAPH
AAPL
AAPT
AARS
AASL
AASP
AAST
AAT
AATRL
AATV
AAU
AAUI
AAV
AAVL
AAWC
AAWW
AAXT
AB
ABAC
ABAX
ABB
ABBB
ABBV
ABBY
ABC
ABCB
ABCD
ABCE
ABCO
ABCP
ABCR
ABCW
ABDC
ABDR
ABE
ABEC
ABENU
ABEO
ABEV
ABG
ABGB
ABHD
ABHI
ABI
ABIL
ABIO
ABIX
ABKB
ABKH
ABKI
ABLE
ABLSQ
ABLT
ABM
ABMC
ABMD
ABMT
ABNC
ABNS
ABPI
ABPR
ABQQ
ABR
ABS
ABS
ABSR
ABT
ABTL
ABTO
ABTX
ABUS
ABVA
ABVC
ABVG
ABVN
ABWG
ABWN
ABX
ABY
ABYB
AC
AC
ACAD
ACAN
ACAR
ACAS
ACAT
ACBC
ACBI
ACBM
ACC
ACCA
ACCE
ACCL
ACCO
ACCP
ACCR
ACCS
ACDU
ACER
ACET
ACEZ
ACFC
ACFL
ACFN
ACG
ACGI
ACGJ
ACGL
ACGLP
ACGX
ACH
ACHC
ACHN
ACIA
ACIE
ACIU
ACIW
ACKAY
ACLD
ACLH
ACLP
ACLS
ACLZ
ACM
ACMA
ACMB
ACMC
ACME
ACMM
ACMT
ACN
ACNB
ACNE
ACNI
ACNT
ACNV
ACOL
ACOM
ACOR
ACP
ACP
ACPOQ
ACPW
ACRB
ACRE
ACRL
ACRS
ACRT
ACRX
ACSF
ACST
ACSX
ACTA
ACTG
ACTI
ACTL
ACTS
ACTT
ACTV
ACU
ACUG
ACUR
ACUS
ACV
ACW
ACXM
ACY
ADAC
ADAD
ADAM
ADAP
ADAT
ADBE
ADBN
ADC
ADCV
ADDC
ADDLP
ADEC
ADEH
ADEL
ADEP
ADES
ADFI
ADFK
ADFS
ADFT
ADGE
ADGL
ADGS
ADGSF
ADHC
ADHD
ADI
ADIA
ADK
ADKT
ADL
ADLI
ADLS
ADM
ADMA
ADMD
ADMG
ADMP
ADMS
ADMT
ADMV
ADNC
ADNT
ADNY
ADON
ADP
ADPC
ADPT
ADPVQ
ADRN
ADRO
ADS
ADSI
ADSK
ADSO
ADST
ADSU
ADSV
ADSW
ADSYQ
ADT
ADTC
ADTM
ADTN
ADTR
ADUS
ADVC
ADVP
ADVS
ADVT
ADVV
ADX
ADXM
ADXS
ADY
ADYNF
ADZ
ADZR
AE
AEB
AEC
AECS
AEDC
AEE
AEEI
AEEX
AEGG
AEGN
AEGR
AEGY
AEHI
AEHR
AEI
AEIS
AEL
AEM
AEMD
AENG
AENP
AENS
AENYQ
AEO
AEP
AEPI
AEPP
AER
AERG
AERI
AERN
AERT
AES
AESGENER
AESO
AESPRCCL
AESRO
AET
AETI
AETR
AEXE
AEY
AEYE
AEZS
AF
AFAM
AFAN
AFAP
AFB
AFB
AFBA
AFBG
AFC
AFCB
AFCO
AFCT
AFE
AFFL
AFFMQ
AFFN
AFFU
AFFX
AFFY
AFG
AFGC
AFGG
AFGR
AFH
AFI
AFK
AFL
AFLO
AFMD
AFML
AFOM
AFOP
AFPW
AFR
AFRS
AFSE
AFSI
AFT
AFTC
AFTM
AFTN
AFYG
AG
AGA
AGA
AGAC
AGAS
AGC
AGC
AGCI
AGCO
AGCZ
AGD
AGDO
AGDY
AGEL
AGEN
AGF
AGFRF.GB
AGFS
AGGI
AGGX
AGHI
AGI
AGIA
AGII
AGIN
AGIO
AGK
AGL
AGLE
AGLT
AGM
AGMB
AGMC
AGN
AGN
AGNC
AGNM
AGO
AGPL
AGPYY
AGR
AGRIP
AGRNQ
AGRO
AGRS
AGRX
AGSC
AGSM
AGSO
AGTC
AGTI
AGTK
AGTT
AGU
AGVO
AGX
AGYH
AGYP
AGYS
AHAG
AHC
AHCD
AHCI
AHCKF
AHCP
AHFD
AHFP
AHG
AHGP
AHH
AHHAP
AHII
AHIX
AHL
AHLHQ
AHMIQ
AHMS
AHNR
AHP
AHPA
AHPAU
AHPI
AHROQ
AHT
AI
AICIQ
AICPQ
AIDA
AIDC
AIDM
AIDO
AIF
AIF
AIG
AIGI
AIHC
AIII
AIKO
AILLP
AIM
AIMC
AIME
AIMH
AIMM
AIMT
AIN
AINC
AINV
AIO
AIOM
AIQ
AIR
AIRG
AIRI
AIRM
AIRO
AIRT
AIRW
AIT
AITG
AIV
AIVI
AIVN
AIXG
AIZ
AIZY
AJAC
AJB
AJBI
AJG
AJRD
AJSB
AJX
AKAM
AKAO
AKBA
AKCA
AKDS
AKER
AKESQ
AKG
AKGC
AKO.B
AKOM
AKP
AKPB
AKR
AKRX
AKS
AKSY
AKTS
AKVA
AKYI
AL
AL
ALAD
ALAN
ALB
ALBO
ALBY
ALC
ALCC
ALCN
ALCO
ALCQ
ALCSQ
ALDA
ALDR
ALDW
ALDX
ALE
ALES
ALEV
ALEX
ALFA
ALFE
ALG
ALGC
ALGI
ALGN
ALGT
ALIF
ALIM
ALJ
ALJJ
ALK
ALKM
ALKN
ALKS
ALL
ALLB
ALLD
ALLE
ALLM
ALLN
ALLP
ALLRZ
ALLT
ALLY
ALLYPRA
ALMC
ALME
ALMY
ALN
ALNC
ALNY
ALO
ALOD
ALOG
ALON
ALOT
ALPC
ALPE
ALPN
ALPP
ALQA
ALR
ALRM
ALRN
ALRN
ALRS
ALRT
ALRY
ALSE
ALSI
ALSK
ALSN
ALSO
ALST
ALTA
ALTB
ALTH
ALTO
ALTR
ALTUQ
ALTV
ALTX
ALU
ALV
ALVRQ
ALX
ALX
ALXA
ALXN
ALYE
ALYI
AM
AM1
AMAG
AMAR
AMAT
AMAZ
AMBA
AMBC
AMBEQ
AMBI
AMBK
AMBKP
AMBR
AMBS
AMBTQ
AMBWQ
AMC
AMCC
AMCF
AMCG
AMCN
AMCO
AMCT
AMCX
AMCY
AMD
AMDA
AME
AMED
AMEH
AMEN
AMFC
AMFE
AMFIQ
AMFL
AMFW
AMG
AMGC
AMGI
AMGN
AMGP
AMGY
AMH
AMHC
AMHD
AMIC
AMID
AMIEQ
AMIH
AMIN
AMJ
AMKR
AMLC
AMLH
AMLM
AMLN
AMMA
AMMJ
AMMS
AMN
AMNB
AMNCB
AMNE
AMNF
AMNL
AMNN
AMNP
AMNW
AMOG
AMOO
AMOT
AMP
AMPE
AMPG
AMPH
AMPLQ
AMPO
AMRA
AMRB
AMRC
AMRE
AMRH
AMRI
AMRK
AMRN
AMRR
AMRS
AMRU
AMS
AMSA
AMSC
AMSE
AMSF
AMSG
AMSH
AMSU
AMSWA
AMT
AMTA
AMTD
AMTG
AMTPQ
AMTX
AMTY
AMU
AMUB
AMUC
AMWD
AMWK
AMWO
AMWW
AMX
AMZG
AMZN
AMZO
AN
ANAB
ANAC
ANAD
ANAS
ANAT
ANAV
ANCB
ANCE
ANCI
ANCPA
ANCSQ
ANCX
ANDAR
ANDC
ANDE
ANDI
ANDN
ANDR
ANDV
ANDW
ANECQ
ANET
ANF
ANFC
ANFD
ANFI
ANGC
ANGI
ANGO
ANH
ANIK
ANIP
ANLDP
ANLY
ANN
ANNB
ANNC
ANNO
ANOS
ANPFF
ANPL
ANPMF
ANR
ANS
ANSS
ANSU
ANTB
ANTE
ANTEN
ANTH
ANTI
ANTM
ANTO
ANTP
ANTS
ANTXQ
ANVS
ANW
ANY
ANZPC
AOBC
AOBI
AOD
AOGC
AOGN
AOI
AOILQ
AOIX
AOL
AOLS
AON
AOOO
AOPI
AOS
AOSL
AOXY
AP
APA
APAGF
APAM
APAT
APB
APB
APBL
APC
APCC
APCN
APCX
APD
APDN
APEI
APEMY
APEN
APF
APFC
APFH
APGA
APGI
APGX
APH
APHB
APHD
APHE
APHYQ
API
APIC
APIC
APIT
APKT
APL
APLD
APLE
APLI
APLL
APLN
APLO
APNI
APNX
APO
APOG
APOL
APOP
APP
APPD
APPF
APPG
APPN
APPO
APPS
APPWM
APPZ
APRDN
APRE
APRI
APRM
APRN
APRO
APRU
APSI
APSN
APT
APTI
APTL
APTO
APTS
APTV
APTY
APU
APVO
APVOV
APVS
APWC
APWXF
APXG
APYI
APYP
AQBN
AQIS
AQMS
AQMT
AQN
AQN
AQNM
AQNT
AQQSQ
AQSP
AQUI
AQUM
AQXP
AR
ARA
ARAH
ARAO
ARAT
ARAY
ARB
ARBA
ARBE
ARBI
ARBO
ARBU
ARC
ARCB
ARCC
ARCH
ARCI
ARCK
ARCM
ARCO
ARCP
ARCS
ARCT
ARCW
ARCX
ARD
ARDC
ARDM
ARDNA
ARDTQ
ARDX
ARE
AREC
AREM
ARES
ARET
AREX
ARFS
ARG
ARGB
ARGL
ARGS
ARGX
ARHI
ARHN
ARI
ARIA
ARII
ARINA
ARIOQ
ARIS
ARK
ARKR
ARL
ARLP
ARLV4200229
ARLZ
ARMC
ARME
ARMF
ARMH
ARMK
ARMT
ARNA
ARNC
ARNH
ARNI
ARO
AROW
ARP
ARPI
ARPO
ARQL
ARR
ARRI
ARRS
ARRS
ARRY
ARSC
ARSN
ARTB
ARTC
ARTD
ARTEQ
ARTH
ARTL
ARTM
ARTNA
ARTR
ARTS
ARTW
ARTX
ARUN
ARUU
ARUZQ
ARVM
ARVY
ARW
ARWA
ARWD
ARWR
ARX
ARX
ARXG
ARXX
ARYC
ARYX
ARZ
ASA
ASAB
ASAE
ASAL
ASAM
ASB
ASBB
ASBI
ASBN
ASC
ASCA
ASCBQ
ASCC
ASCMA
ASCS
ASCW
ASDG
ASEI
ASENQ
ASFI
ASFJ
ASFN
ASFT
ASFX
ASG
ASGN
ASGXF
ASH
ASH3736539
ASHC
ASHG
ASHW
ASI
ASIX
ASJP
ASKE
ASKH
ASLM
ASM
ASMB
ASMFQ
ASMI
ASML
ASN
ASNA
ASNB
ASND
ASNL
ASOE
ASP
ASPN
ASPR
ASPS
ASPU
ASPW
ASPX
ASPZ
ASR
ASRV
ASRVP
AST
ASTC
ASTE
ASTI
ASTO
ASTX
ASUR
ASV
ASVPQ
ASWV
ASX
ASYI
ASYS
ASZP
AT
ATACR
ATAI
ATAO
ATAR
ATAX
ATBA
ATCD
ATCH
ATCI
ATCN
ATCO B
ATCS
ATCV
ATE
ATEA
ATEC
ATEL
ATEN
ATFS
ATG
ATGI
ATGN
ATH
ATH
ATHI
ATHM
ATHN
ATHX
ATHYQ
ATI
ATIB
ATIG
ATIN
ATIW
ATKR
ATL
ATLC
ATLO
ATLR
ATLS
ATLT
ATML
ATMO
ATMP
ATNI
ATNM
ATNP
ATNX
ATNY
ATO
ATOA
ATOC
ATOM
ATOS
ATPGQ
ATPL
ATPN
ATPT
ATR
ATRA
ATRC
ATRE
ATRI
ATRKD
ATRM
ATRO
ATRS
ATSG
ATSR
ATTD
ATTO
ATTU
ATTY
ATU
ATUS
ATV
ATV
ATVI
ATVK
ATW
ATWT
ATX
ATX
ATXAN
ATXCH
ATXG
ATXI
ATYG
ATYM
AU
AUAG
AUBN
AUCM
AUDC
AULO
AUMAU
AUMN
AUNM
AUO
AUPH
AUQ
AURI
AURM
AURT
AURZ
AUSI
AUSO
AUT
AUTO
AUTR
AUXL
AUXO
AUY
AV
AVA
AVAL
AVATQ
AVAV
AVB
AVBH
AVD
AVDL
AVDX
AVEO
AVEW
AVFL
AVFP
AVG
AVGC
AVGG
AVGN
AVGO
AVGO
AVGR
AVH
AVHA P
AVHI
AVID
AVIV
AVIX
AVL
AVLD
AVLH
AVLP
AVLY
AVMC
AVMD
AVNA
AVNE
AVNI
AVNR
AVNU
AVNW
AVO
AVOA
AVOI
AVOL
AVOP
AVOT
AVP
AVPI
AVRE
AVRI
AVRN
AVRW
AVSM
AVSR
AVSS
AVST
AVT
AVTCQ
AVTD
AVTH
AVTI
AVTO
AVTQZ
AVTS
AVVH
AVX
AVXL
AVXS
AVXT
AVY
AVYA
AVZAQ
AWAIL
AWAW
AWAY
AWBCQ
AWEB
AWF
AWF
AWGI
AWGL
AWH
AWI
AWK
AWKS
AWNE
AWON
AWP
AWR
AWRE
AWRY
AWSL
AWSRQ
AWWC
AWWI
AWX
AWYI
AXAHY
AXAR
AXAS
AXCG
AXCP
AXDX
AXE
AXF
AXGN
AXIHQ
AXIM
AXIO
AXIU
AXL
AXLE
AXLL
AXLM
AXLX
AXMA
AXMM
AXMP
AXN
AXNO
AXON
AXP
AXPLF
AXPW
AXR
AXRX
AXS
AXSI
AXSM
AXST
AXTA
AXTC
AXTEL CPO
AXTG
AXTI
AXU
AXX
AYA
AYI
AYN
AYR
AYSI
AYT
AYTU
AYX
AYXE
AZDDQ
AZEK
AZGSQ
AZHD
AZLCZ
AZN
AZO
AZPN
AZR
AZRE
AZRH
AZRX
AZTAU
AZTECA D-A
AZTM
AZUL
AZUR
AZZ
B
BA
BAA
BABA
BABB
BABL
BABY
BAC
BACHY
BAC.OP
BAC/PF
BAC/PG
BACPRZCL
BADG
BAEA
BAESY
BAF
BAF
BAFI
BAGL
BAGR
BAH
BAK
BAL
BALT
BAM
BAMM
BANC
BANF
BANFP
BANFP
BANGN
BANI
BANJ
BANR
BANX
BAP
BAR
BARX
BARZ
BAS
BASI
BATCZ
BATRA
BATRK
BATS
BAVA
BAX
BAXSQ
BAYK
BAYN
BAYP
BAZH
BBAL
BBAS3
BBBB
BBBI
BBBK
BBBY
BBCN
BBCPRA
BBD
BBD
BBDA
BBD.PR.B
BBEP
BBF
BBF
BBG
BBGI
BBGP
BBGR
BBII
BBK
BBL
BBLKF
BBLS
BBLS
BBLU
BBME
BBMF
BBN
BBN
BBNK
BBOX
BBRD
BBRG
BBRX
BBRY
BBS.H
BBSI
BBT
BBTPRACL
BBTPRBCL
BBU
BBUCQ
BBVA
BBVAPRC
BBW
BBX
BBX
BBXT
BBY
BC
BCA
BCACW
BCAP
BCAR
BCBF
BCBP
BCC
BCCC
BCCI
BCD
BCDA
BCDH
BCDI
BCE
BCEI
BCF
BCFN
BCH
BCHM
BCLE
BCLI
BCLR
BCM
BCND
BCNN
BCO
BCOM
BCONQ
BCOR
BCOV
BCPC
BCPO
BCPUQ
BCR
BCR
BCRA
BCRH
BCRX
BCS
BCSB
BCSO
BCST
BCTF
BCV
BCX
BCX
BCYP
BDBD
BDC
BDCG
BDCL
BDCM
BDCO
BDCS
BDCV
BDCZ
BDD
BDDD
BDE
BDEV
BDFC
BDFH
BDG
BDGE
BDIC
BDJ
BDJ
BDL
BDLN
BDLS
BDMS
BDN
BDPT
BDR
BDSI
BDTTZ
BDVB
BDWGP
BDX
BDYS
BDYVY
BEAT
BEAT
BEAV
BEBE
BECC
BECN
BEDU
BEE
BEEI
BEEN
BEER
BEES
BEGI
BEHL
BEIC
BEL
BELFB
BELR
BEMG
BEN
BENH
BENQF
BEOB
BEP
BEP.UN
BER
BERJ
BERK
BERY
BESE
BESNQ
BESR
BEST
BETR
BETSD
BETW
BEUT
BEVS
BEXP
BEYSQ
BEZ
BFAM
BF.B
BFED
BFET
BFFI
BFGC
BFHI
BFHJ
BFIN
BFK
BFLD
BFLS
BFLY
BFMC
BFNBQ
BFNC
BFNH
BFO
BFO
BFR
BFRE
BFS
BFTC
BFTI
BFY
BFY
BFZ
BFZ
BG
BGB
BGB
BGBR
BGC
BGCC
BGCP
BGEM
BGEPRBCL
BGES
BGFT
BGFV
BGG
BGH
BGH
BGHM
BGI
BGII
BGIO
BGLEH
BGMD
BGMD
BGMO
BGNE
BGP
BGR
BGRP
BGS
BGSC
BGSF
BGT
BGT
BGTHQ
BGX
BGY
BH
BHAC
BHB
BHBCQ
BHBK
BHCG
BHD
BHDB
BHE
BHF
BHGE
BHHV
BHI
BHIN
BHK
BHL
BHL
BHLB
BHOR
BHP
BHRB
BHRG
BHTG
BHV
BHV
BHVN
BHWB
BHY
BIAD
BICA
BICB
BICL
BICX
BID
BIDP
BIDU
BIE
BIE
BIEI
BIEL
BIF
BIFC
BIG
BIGG
BIHC
BIIB
BIKEQ
BILB
BILSU
BIMO
BIND
BIO
BIOA
BIOC
BIOL
BIONQ
BIOP
BIOQ
BIOS
BIP
BIPH
BIRPRACL
BIRT
BISA
BIT
BIT
BITA
BITI
BIV
BIXZF
BIZM
BIZZ
BJGL
BJRI
BJZ
BJZ
BK
BK
BKBK
BKCC
BKCT
BKD
BKE
BKEN
BKEP
BKFG
BKFS
BKGMF
BKH
BKHYY
BKI
BKIT
BKJ
BKK
BKK
BKKN
BKMM
BKMP
BKMU
BKN
BKN
BKNG
BKOR
BK/P
BKPR
BKPRFCL
BKR
BKRP
BKRSQ
BKS
BKSC
BKSD
BKSH
BKT
BKU
BKUH
BKW
BKYF
BKYI
BL
BLAB
BLAK
BLBD
BLBK
BLBX
BLCK
BLCM
BLCY
BLD
BLDP
BLDR
BLE
BLE
BLFR
BLFS
BLGM
BLGO
BLGX
BLH
BLH
BLHI
BLHY
BLIAQ
BLIN
BLJ
BLJ
BLK
BLKB
BLKG
BLKIA
BLKS
BLL
BLLB
BLLC
BLLI
BLLN
BLLY
BLLZ
BLMN
BLMT
BLMT
BLNC
BLNG
BLOX
BLPG
BLPH
BLQN
BLRS
BLRVQ
BLRX
BLS
BLSP
BLT
BLT
BLTA
BLTF
BLTO
BLU
BLUE
BLUF
BLUU
BLVD
BLVE
BLW
BLX
BLXX
BLY
BLYQ
BLZE
BLZN
BMA
BMBM
BMBN
BMC
BMCP
BMCS
BMDX
BME
BMERQ
BMET
BMGP
BMHM
BMI
BMIN
BMIX
BMMCF
BMNM
BMO
BMO
BMODQ
BMR
BMRA
BMRC
BMRK
BMRN
BMS
BMSN
BMSPF
BMSV
BMTC
BMTI
BMTL
BMTM
BMXC
BMXI
BMY
BNA
BNBK
BNCC
BNCH
BNCL
BNCM
BNCN
BNDS
BNED
BNET
BNEZ
BNFT
BNHN
BNI
BNI.MF
BNJ
BNJ
BNK
BNKL
BNKU
BNNX
BNPZY
BNS
BNSO
BNTC
BNTCW
BNVIQ
BNXR
BNY
BNY
BNYN
BOAA
BOBE
BOBS
BOCH
BOCX
BOE
BOE
BOFI
BOGAQ
BOGN
BOH
BOI
BOI
BOJA
BOKF
BOL
BOLBP
BOLC
BOLD
BOLL
BOLT
BOLV
BOM
BOMN
BONA
BONI
BONSQ
BONT
BONU
BONZ
BOOM
BOOT
BOOT
BOPH
BOPO
BOPT
BOREF
BORN
BORT
BOS
BOSC
BOTA
BOTH
BOTJ
BOTX
BOTY
BOW
BOWE
BOX
BOXC
BOXL
BP
BPCP
BPFH
BPI
BPIGF
BPK
BPK
BPL
BPMC
BPMI
BPMX
BPOL
BPOP
BPOPM
BPOPN
BPOT
BPP
BPS
BPSR
BPT
BPTH
BPWRF
BPY
BQH
BQR
BQY
BR
BRAI
BRBH
BRBI
BRBS
BRBW
BRC
BRCD
BRCI
BRCM
BRCOQ
BRDN
BRDR
BRER
BREW
BRFH
BRFS
BRG
BRGO
BRHC
BRID
BRK.A
BRKK
BRKL
BRKM3
BRKO
BRKR
BRKS
BRLI
BRLL
BRN
BRND
BRNE
BRNW
BRO
BROD
BROE
BRP
BRPNF
BRPR3
BRRE
BRRM
BRS
BRSI
BRSS
BRT
BRTE
BRTI
BRTR
BRTXW
BRVO
BRWC
BRX
BRY
BRZL
BRZV
BRZZQ
BSAC
BSBR
BSCJ
BSC PR F
BSD
BSD
BSE
BSE
BSEG
BSEM
BSET
BSF
BSFT
BSGC
BSGM
BSHF
BSHI
BSI
BSL
BSL
BSLN
BSM
BSMX
BSOI
BSP
BSPA
BSPB
BSPC
BSPCU
BSPE
BSPK
BSPM
BSPR
BSQR
BSRC
BSRR
BSSP
BSSY
BST
BST
BSTC
BSTK
BSTN
BSVN
BSX
BSYI
BSYN
BT
BTA
BTA
BTCA
BTCS
BTCY
BTDG
BTE
BTF
BTFG
BTFL
BTG
BTGI
BTH
BTHE
BTHR
BTHT
BTI
BTLN
BTLR
BTN
BTO
BTO
BTO
BTOF
BTOW
BTSR
BTT
BTT
BTU
BTUI
BTX
BTXI
BTXV
BTZ
BTZ
BTZO
BUD
BUD
BUDZ
BUFF
BUHF
BUI
BUKRF
BUKS
BUNL
BUNL
BUNT
BUR
BURL
BUSC
BUSE
BUTLQ
BV
BVA
BVBC
BVFL
BVII
BVN
BVRG
BVSN
BVTK
BVWN
BVX
BVXV
BW
BWA
BWAV
BWBA
BWCX
BWEBF
BWEN
BWFCL
BWFG
BWG
BWINB
BWL.A
BWLD
BWMG
BWNG
BWOWF
BWP
BWPC
BWTL
BWTX
BWV
BWVI
BWVY
BWXT
BX
BXC
BXE
BXII
BXLC
BXLH
BXLT
BXMT
BXMX
BXNG
BXP
BXS
BY
BYBK
BYCX
BYD
BYDC
BYFC
BYI
BYIN
BYLK
BYM
BYM
BYOC
BYRG
BYSD
BYSI
BYST
BZ
BZC
BZH
BZHO.GA
BZIC
BZM
BZM
BZUN
BZYR
C
CA
CAAS
CAB
CABE
CABLF
CABN
CABO
CAC
CACB
CACC
CACH
CACI
CACL
CACQ
CADC
CADE
CADT
CADV
CADX
CADY
CAE
CAEH
CAEN
CAF
CAF
CAFD
CAFE
CAFI
CAFI
CAFS
CAG
CAGAQ
CAGC
CAGR
CAGU
CAH
CAHI
CAHS
CAJ
CAJSW
CAKE
CAL
CALA
CALAQ
CALD
CALI
CALL
CALM
CALN
CALW
CALX
CAM
CAMB
CAME
CAMG
CAMH
CAMP
CAMS
CAMT
CANB
CANE
CANF
CANL
CANMQ
CANN
CAO
CAOVY
CAP
CAPA
CAPB
CAPC
CAPE
CAPL
CAPN
CAPP
CAPR
CAPS
CAPV
CAPX
CAR
CARA
CARB
CARI
CARO
CARSO
CART
CARV
CARWB
CAS
CAS
CASA
CASB.GB
CASC
CASG
CASH
CASI
CASI
CASM
CASS
CAST
CASY
CAT
CATA
CATB
CATC
CATG
CATI
CATKU
CATM
CATO
CATS
CATV
CATY
CAU
CAVM
CAVR
CAW
CAZ
CB
CBA
CBA
CBAI
CBAK
CBAN
CBAT
CBAY
CBB
C.BB
CBBB
CBBT
CBCA
CBCCQ
CBCG3716260
CBCO
CBCOQ
CBCPQ
CBCRQ
CBD
CBDE
CBDG
CBDS
CBEH
CBEV
CBEX
CBF
CBFA
CBFCA
CBFV
CBG
CBH
CBHC
CBHR
CBI
CBIA
CBIS
CBJC
CBK
CBKM
CBKN
CBKW
CBL
CBLI
CBM
CBMC
CBMG
CBMJ
CBMX
CBNC
CBNJ
CBNK
CBNT
CBOE
CBOF
CBPI
CBPJ
CBPO
CBPX
CBR
CBRAF
CBRJ
CBRL
CBRP
CBS
CBS
CBSC
CBSH
CBSI
CBSO
CBSS
CBST
CBT
CBTH
CBU
CBYG
CBYI
CBZ
CBZFF
CC
CCA
CCA
CCA
CCAA
CCAJ
CCAN
CCAQW
CCBC
CCBD
CCBG
CCC
CCCFF
CCCI
CCCL
CCCP
CCCR
CCD
CCE
CCE
CCEL
CCF
CCFC
CCFG
CCFH
CCF.H
CCFI
CCFN
CCG
CCGID
CCGM
CCGN
CCGY
CCHI
CCHZ
CCI
CCIG
CCIH
CCIX
CCJ
CCK
CCL
CCLAY
CCLP
CCLX
CCM
CCMB
CCMI
CCMP
CCMS
CCNB
CCNE
CCNI
CCO
CCOI
CCOMP
CCON
CCOP
CCOWQ
CCP
CCPR
CCRC
CCRE
CCRN
CCS
CCSB
CCSC
CCSI
CCTC
CCTL
CCTR
CCU
CCUR
CCUR
CCVS
CCXI
CCXI
CCXPRC
CCYG
CCYPQ
CCYS
CDBH
CDBK
CDBT
CDCO
CDCY
CDDGW
CDDJ
CDE
CDEX
CDFT
CDGD
CDI
CDIF
CDII
CDIR
CDK
CDKG
CDLA
CDMC
CDMS
CDNA
CDNL
CDNN
CDNO
CDNS
CDO
CDOR
CDORO
CDR
CDRB
CDRUF
CDSG
CDT
CDTI
CDTN
CDTX
CDVIQ
CDVM
CDVT
CDW
CDWC
CDWD
CDXC
CDXI
CDXP
CDXS
CDZI
CE
CEA
CEAI
CEB
CEBA
CEBK
CEC
CECB
CECE
CECF
CECO
CEDA
CEE
CEF
CEFC
CEFL
CEGX
CEHC
CEHD
CEI
CEI
CEII
CEL
CELC
CELG
CELH
CELL
CELM
CELO
CELP
CELZ
CEM
CEMI
CEMP
CEN
CEN
CENT
CENV
CENX
CEO
CEOA
CEOS
CEPH
CEQP
CERCU
CERE
CERLP
CERN
CERPQ
CERS
CERU
CERX
CESF
CESX
CET
CETC
CETG
CETH
CETV
CETX
CETY
CEV
CEV
CEVA
CEVE
CEXE
CF
CFBK
CFCB
CFCB
CFC$B
CFCC
CFCO
CFCOU
CFCPRACL
CFCPRB
CFCX
CFD
CFDB
CFED
CFFC
CFFI
CFFN
CFFN
CFG
CFGI
CFGW
CFGX
CFHZ
CFI
CFIC
CFIN
CFIYP
CFMS
CFN
CFNB
CFNL
CFOK
CFOPL
CFP
CFR
CFRI
CFRX
CFTN
CFWH
CFX
CG
CGA
CGAC
CGAM
CGBD
CGCO
CGDI
CGEI
CGEM
CGEN
CGFI
CGG
CGGE
CGHA
CGHC
CGI
CGII
CGIX
CGLD
CGLO
CGMCQ
CGMX
CGND
CGNH
CGNI
CGNT
CGNX
CGNX
CGO
CGP
CGPI
CGRH
CGRT
CGRW
CGSH
CGSO
CGSXF
CGSYQ
CGUD
CGUE
CGWB
CGWY
CGX
CGXP
CGYG
CGYJ
CGYTP
CGYV
CH
CHA
CHAA
CHADQ
CHAG
CHAP
CHBH
CHBM
CHBO
CHBT
CHBU
CHC
CHCC
CHCI
CHCO
CHCR
CHCT
CHD
CHDA
CHDN
CHDP
CHE
CHEF
CHEK
CHEV
CHEV
CHFC
CHFI
CHFK
CHFN
CHFR
CHG
CHGG
CHGH
CHGI
CHGL
CHGS
CHGT
CHH
CHHE
CHHL
CHHN
CHI
CHI
CHIAV
CHIF
CHIKV
CHIT
CHJI
CHK
CHKE
CHKJ
CHKP
CHKR
CHL
CHLE
CHLN
CHLO
CHMA
CHMD
CHME
CHMG
CHMI
CHML
CHMN
CHMO
CHMP
CHMR
CHMT
CHN
CHNAQ
CHNC
CHND
CHNGQ
CHNR
CHOC
CHOD
CHOP
CHOR
CHOS
CHPC
CHPI
CHPN
CHR
CHRE
CHRI
CHRO
CHRS
CHRW
CHS
CHSCL
CHSH
CHSI
CHSO
CHSP
CHSY
CHT
CHTA
CHTH
CHTP
CHTR
CHU
CHUBA
CHUM
CHUX
CHUY
CHVC
CHW
CHW
CHWD
CHWE
CHWG
CHY
CHYL
CHYR
CHZP
CHZS
CI
CIA
CIAQQ
CIAS
CIAU
CIB
CIBG
CIBH
CIBN
CICC
CICN
CICU
CIDM
CIE
CIEC
CIEN
CIF
CIF
CIFC
CIFS
CIG
CIGI
CIHD
CII
CII
CIIC
CIIG
CIIT
CIIX
CIK
CILS
CIM
CIMT
CIND
CINF
CINHP
CINUP
CIO
CIOC
CIOXY
CIR
CIRB
CIRC
CISC
CIT
CITI
CITY
CITZ
CIVBP
CIVI
CIVN
CIV PRD
CIVS
CIWT
CIWV
CIX
CIZN
CJES
CJHBQ
CJJD
CJYF
CK
CKEC
CKFC
CKGT
CKH
CKMY
CKNQP
CKNTF
CKP
CKPT
CKPY
CKSW
CKT
CKX
CL
CLA
CLAC
CLAD
CLAR
CLB
CLBH
CLBN
CLBS
CLC
CLC
CLCD
CLCI
CLCN
CLCS
CLCT
CLCXQ
CLD
CLDB
CLDN
CLDR
CLDS
CLDT
CLDX
CLDX
CLE
CLEA
CLEV
CLF
CLFD
CLGX
CLGZF
CLH
CL.H
CLHI
CLI
CLIN
CLIR
CLIS
CLKA
CLKTF
CLKZ
CLLS
CLLY
CLM
CLMB
CLMC
CLMS
CLMT
CLNE
CLNH
CLNI
CLNO
CLNP
CLNS
CLNT
CLNW
CLNY
CLNZ
CLOK
CLOW
CLP
CLPE
CLPFF
CLPR
CLR
CLRA
CLRB
CLRH
CLRI
CLRN
CLRO
CLRS
CLRX
CLRY
CLS
CLSD
CLSH
CLSI
CLSK
CLSN
CLSP
CLSXF
CLTH
CLTS
CLTX
CLTY
CLUB
CLVS
CLW
CLWA
CLWD
CLWR
CLWT
CLWY
CLX
CLXS
CLXT
CM
CM
CMA
CMC
CMCI
CMCJ
CMCM
CMCO
CMCSA
CMCT
CMD
CME
CMEY
CMFI
CMFN
CMFO
CMFP
CMG
CMGE
CMGO
CMI
CMIT
CMK
CMK
CMKG
CMLP
CMLS
CMND
CMNO
CMNR
CMO
CMOH
CMP
CMPD
CMPI
CMPR
CMPS
CMRE
CMRO
CMRX
CMS
CMSB
CMSPRB
CMT
CMTA
CMTI
CMTL
CMTV
CMTX
CMU
CMU
CMXC
CMXX
CMYG
CNA
CNAB
CNACW
CNAF
CNAT
CNBA
CNBI
CNBKA
CNBL
CNBV
CNBX
CNBZ
CNC
CNC
CNCE
CNCG
CNCK
CNCL
CNCM
CNCND
CNCO
CNCT
CNDD
CNDL
CNDO
CNER
CNET
CNEX
CNFI.W10
CNFR
CNFT
CNGA
CNGW
CNH
CNHA
CNHD
CNHI
CNHL
CNI
CNIG
CNIT
CNK
CNK
CNL
CNLB
CNLG
CNLK
CNLM
CNLPL
CNMD
CNNA
CNNB
CNND
CNNM
CNNX
CNO
CNOB
CNOZ
CNP
CNP
CNPI
CNQ
CNQR
CNR
CNRB
CNRD
CNRQ
CNRR
CNS
CNSI
CNSL
CNSTQ
CNTF
CNTM
CNTO
CNTQP
CNTY
CNUN
CNV
CNVB
CNVR
CNVT
CNW
CNWD
CNWHF
CNWT
CNX
CNXC
CNXN
CNXR
CNXS
CNXT
CNY
CNYD
CNYH
CNYL
CO
COB
COBI
COBK
COBR
COBZ
COCBF
COCP
CODA
CODE
CODI
CODL
CODX
COE
COF
COF.HS
COF.HU
COFI
COFS
COG
COGLF
COGT
COHG
COHR
COHU
COIB
COIL
COKE
COL
COLB
COLL
COLM
COLY
COMA
COMM
COMX
CONC
CONE
CONM
CONN
CONX
COO
COOL
COOPQ
COP
COR
CORE
CORG
CORI
CORR
CORSQ
CORT
COS
COSI
COSM
COSN
COSO
COST
COS.UN
COT
COTE
COTV
COTY
COUGF
COUP
COUV
COV
COVR
COVS
COW
COWI
COWN
COWP
COY
COYN
COYR
CP
CPA
CPAA
CPAAU
CPAC
CPAH
CPAI
CPB
CPBB
CPBO
CPBRQ
CPCCD
CPCF
CPDU
CPE
CPEU
CPF
CPFH
CPG
CPGI
CPGX
CPHB
CPHC
CPHD
CPHI
CPHR
CPICQ
CPIX
CPK
CPKA
CPKF
CPL
CPLA
CPLP
CPLT
CPLY
CPMCF
CPMD
CPMG
CPN
CPNO
CPOW
CPPD
CPPL
CPPXF
CPPY
CPQQ
CPRECL
CPRFCL
CPRGCL
CPRN
CPROF
CPRQCL
CPRRCL
CPRSCL
CPRT
CPRWCL
CPRX
CPS
CPSH
CPSI
CPSL
CPSN
CPSO
CPSS
CPST
CPSV
CPT
CPTC
CPTCQ
CPTI
CPTS
CPTY
CPUL
CPUT
CPVD
CPWE
CPWR
CPWR
CPXP
CPXX
CPYE
CPYJ
CPYT
CQCQ
CQGU
CQH
CQP
CQPT
CR
CR
CRAF
CRAI
CRAN
CRARY
CRAY
CRBC
CRBL
CRBO
CRBP
CRC
CRCL
CRCM
CRCO
CRCV
CRCW
CRD.B
CRDC
CRDE
CRDN
CRDS
CRDX
CREE
CREG
CRESY
CREX
CRF
CRF
CRGC
CRGE
CRGO
CRGP
CRGS
CRH
CRHM
CRHY
CRI
CRIM
CRIS
CRJI
CRK
CRKT
CRL
CRLI
CRLKP
CRM
CRMD
CRME
CRMIQ
CRMT
CRMT
CRMWQ
CRMZ
CRNPU
CRNSF
CRNT
CRNY
CROL
CROX
CRPL
CRPT
CRPZ
CRQE
CRR
CRRC
CRRSQ
CRRWF
CRS
CRSP
CRSQ
CRT
CRTC
CRTCF
CRTG
CRTL
CRTN
CRTO
CRTV
CRTX
CRUS
CRV
CRVH
CRVL
CRVP
CRVS
CRVW
CRWD
CRWE
CRWG
CRWN
CRWS
CRWTF
CRXM
CRY
CRYO
CRYP
CRYW
CRYYQ
CRZBF
CRZO
CRZY
CS
CSAX
CSAY
CSBB
CSBC
CSBF
CSBI
CSBK
CSBK
CSBR
CSC
CSCB
CSCD
CSCE
CSCO
CSCP
CSCR
CSCZ
CSDT
CSEF
CSFL
CSG
CSGH
CSGP
CSGS
CSH
CSHB
CSHEF
CSII
CSIQ
CSIS
CSKD
CSKEQ
CSKH
CSKI
CSKL
CSL
CSLG
CSLR
CSLS
CSLT
CSMA
CSMO
CSNG
CSNL
CSNT
CSOC
CSOD
CSOL
CSP
CSPI
CSPN
CSQ
CSQ
CSRA
CSRE
CSRH
CSS
CSSI
CSSV
CST
CSTE
CSTJ
CSTM
CSTR
CSTU
CSTW
CSU
CSUN
CSV
CSWC
CSWI
CSWIV
CSX
CSYS
CSYT
CTAS
CTB
CTBG
CTBI
CTBO
CTBP
CTBS
CTC-A
CTCC
CTCK
CTCM
CTCO
CTCT
CTDH
CTDN
CTDT
CTF
CTG
CTGI
CTGO
CTGSP
CTHG
CTHL
CTHR
CTHZ
CTIB
CTIC
CTIG
CTKI
CTL
CTLE
CTLH
CTLT
CTMX
CTNN
CTNO
CTNR
CTO
CTOP
CTORF
CTOT
CTP
CTPCY
CTPPO
CTQ
CTR
CTRE
CTRL
CTRN
CTRP
CTRV
CTRX
CTRYY
CTS
CTSH
CTSI
CTSO
CTT
CTTC
CTTD
CTTH
CTUY
CTVZ
CTWS
CTXIF
CTXR
CTXS
CTXV
CTYI
CTYO
CTZN
CTZPRACL
CUAU
CUB
CUBA
CUBA
CUBE
CUBI
CUBN
CUDA
CUDO
CUI
CUII
CUK
CULL
CUNB
CUO
CUOSF
CUPM
CUR
CURM
CURN
CURR
CURXQ
CUSI
CUSXQ
CUTR
CUV
CUZ
CVA
CVAS
CVAT
CVB
CVBF
CVBK
CVC
CVCI
CVCO
CVCS
CVCY
CVD
CVE
CVEO
CVG
CVGC
CVGI
CVGW
CVHL
CVHPF
CVI
CVLL
CVLT
CVLY
CVM
CVNA
CVNR
CVNSQ
CVO
CVOL
CVP
CVR
CVRR
CVRS
CVS
CVSC
CVSI
CVSL
CVST
CVT
CVTI
CVU
CVV
CVX
CW
CWAI
CWAY
CWBC
CWBYF
CWCO
CWEI
CWGL
CWH
CWIR
CWLM
CWLZ
CWNOF
CWOI
CWRL
CWRN
CWRV
CWSS
CWST
CWT
CWTC
CWYM
CX
CXAC
CXBS
CXCQ
CXDC
CXDO
CXE
CXEE
CXGP
CXH
CXH
CXIA
CXLLE
CXO
CXP
CXPEQ
CXPO
CXRX
CXS
CXW
CXW
CY
CYAD
CYAN
CYAP
CYBA
CYBD
CYBE
CYBF
CYBG
CYBI
CYBL
CYBR
CYBX
CYCA
CYCC
CYCHZ
CYD
CYDEQ
CYDI
CYDS
CYDY
CYE
CYFL
CYGX
CYH
CYHC
CYIG
CYIO
CYLN
CYLO
CYLU
CYMI
CYN
CYNA
CYN.GE
CYNI
CYNK
CYNO
CYNS
CYNX
CYOU
CYPE
CYPW
CYRD
CYRN
CYRP
CYRR
CYRS
CYRX
CYS
CYSA
CYT
CYTC
CYTK
CYTL
CYTR
CYTX
CYUR
CYY
CZBC
CZBS
CZBT
CZFC
CZFS
CZNB
CZNC
CZR
CZRT
CZWI
CZZ
D
D75
DAAT
DAC
DAEG
DAG
DAIO
DAKP
DAKT
DAL
DALN
DALP
DAN
DANG
DANR
DANSKE
DAP.U
DAR
DARA
DASX
DATA
DATE
DATI
DATV
DATX
DAVC
DAVE
DAVNQ
DAWKQ
DAYPO
DB
DBA
DBCP
DBD
DBGF
DBJP
DBL
DBL
DBMG
DBMM
DBOEY
DBRM
DBTB
DBVT
DBYC
DCA
DCAC
DCDC
DCECL
DCEL
DCGD
DCI
DCIN
DCIX
DCLN
DCLT
DCM
DCMT
DCNG
DCO
DCOM
DCPI
DCSA
DCSR
DCT
DCTH
DD
DDAIY
DDC
DDCC
DDD
DDDC
DDDX
DDE
DDF
DDF
DDMGQ
DDP
DDR
DDRI
DDRT
DDS
DDSU
DDT
DDXSQ
DE
DEA
DEAC
DEAR
DEBC
DECK
DECN
DEE
DEEL
DEER
DEG
DEI
DEIX
DEJ
DEL
DELI
DELT
DEMBF
DENG
DENN
DENR
DEO
DEPO
DEQI
DERM
DESP
DEST
DEWM
DEWY
DEX
DEX
DF
DFCO
DFEL
DFFN
DFG
DFIN
DFLY
DFNS
DFP
DFP
DFRG
DFS
DFSH
DFT
DFTC
DFTS
DFVL
DFVS
DFZ
DG
DGAS
DGAZ
DGBMF
DGC
DGDM
DGEN
DGHG
DGI
DGICB
DGII
DGIT
DGIV
DGIX
DGJI
DGLPQ
DGLT
DGLY
DGMS
DGNG
DGP
DGRI
DGSE
DGTC
DGTW
DGWIY
DGX
DGZ
DHCC
DHF
DHF
DHFT
DHG
DHI
DHIL
DHR
DHT
DHUA
DHVW
DHX
DHXM
DHY
DIAAF
DIAC
DIAL
DIAX
DIDG
DIEN
DIF
DIGAF
DIGI
DIGM
DIGP
DIGX
DIMC
DIMN
DIN
DINIQ
DINO
DIOD
DIOMQ
DION
DIRT
DIS
DISB34
DISCA
DISH
DISK
DIT
DIVC
DIVXZ
DJCI
DJCO
DJP
DJSP
DK
DKAM
DKGH
DKGR
DKIN
DKL
DKMR
DKS
DKT
DKT
DKTH
DKTS
DL
DLA
DLAD
DLB
DLBL
DLBS
DLC
DLCR
DLDG
DLGC
DLGI
DLHC
DLIAQ
DLII
DLMI
DLMV
DLNG
DLNKQ
DLNO
DLOV
DLPM
DLPX
DLR
DLSC
DLTA
DLTH
DLTR
DLTZ
DLX
DLYT
DM
DMAR
DMAT
DMB
DMB
DMCD
DMCP
DMDA
DMDD
DMDW
DMF
DMHI
DMKBA
DMLP
DMND
DMNM
DMO
DMPI
DMPI
DMRC
DMRI
DMRRP
DMSI
DMTA
DMTX
DNAD
DNAG
DNAX
DNB
DNBD
DNBF
DNDT
DNGH
DNI
DNI
DNIA
DNKN
DNN
DNOW
DNP
DNR
DNRG
DNY
DNZOY
DO
DOC
DOD
DOLV
DOM
DOMK
DOOR
DOR
DORM
DOV
DOVA
DOVEF
DOVR
DOW
DOX
DPAT
DPBE
DPD
DPDM
DPDW
DPFD
DPG
DPG
DPHIQ.GF
DPHMF
DPLO
DPM
DPM
DPO
DPRX
DPS
DPSI
DPSM
DPU
DPW
DPWW
DPZ
DQ
DQE
DQUEL
DQWS
DRA
DRA
DRA
DRAD
DRAM
DRC
DRCO
DRD
DRE
DREM
DRGG
DRGN
DRGV
DRGZ
DRH
DRI
DRII
DRIO
DRIV
DRLCQ
DRMX
DRNA
DRNE
DRNG
DRNK
DROP
DRP
DRQ
DRR
DRRX
DRS
DRSV
DRSX
DRTF
DRTX
DRWI
DRWN
DRYN
DRYS
DS
DSCI
DSCO
DSCY
DSE
DSEN
DSF
DSFN
DSG
DSGT
DSGX
DSHL
DSIIQ
DSKX
DSKY
DSL
DSL
DSLIQ
DSM
DSNY
DSOL
DSOX
DSPA
DSPG
DSRM
DSS
DST
DSTR
DSU
DSU
DSW
DSWL
DSX
DTAS
DTC.PR.A
DTE
DTEA
DTEK
DTF
DTF
DTGI
DTHR
DTII
DTIIQ
DTK
DTK
DTLAPR
DTLK
DTLS
DTO
DTOR
DTRC
DTRK
DTRO
DTRX
DTSI
DTSS
DTST
DTTCL
DTTY
DTUL
DTUS
DTV
DTVI
DTWB
DTYL
DTYS
DUACL
DUC
DUC
DUCP
DUK
DUNE
DUNRQ
DUOA
DUOT
DUUO
DUVT
DV
DVA
DVAX
DVCR
DVD
DVF
DVHI
DVHL
DVID
DVLN
DVLY
DVM
DVMT
DVN
DVOXQ
DVTS
DVW
DVYL
DVZNW
DWA
DWCH
DWDP
DWIS
DWNFQ
DWNX
DWOG
DWPP
DWRE
DWRI
DWSN
DWTI
DX
DXB
DXB
DXC
DXCM
DXI
DXLG
DXM
DXPE
DXR
DXYN
DY
DYAI
DYAX
DYER
DYII
DYLI
DYN
DYNA
DYNE
DYNM
DYNP
DYNR
DYNT
DYNV
DYSA
DYSL
DYTM
DYXC
DYY
DZSI
DZZ
E
EA
EAA
EAC
EACC
EACI
EACO
EACQU
EACR
EAD
EAD
EAGB
EAGL
EAGLU
EAPS
EARH
EARI
EARK
EARN
EARS
EASB
EAST
EAT
EAUI
EBAY
EBDC
EBF
EBIO
EBIX
EBLC
EBML
EBMT
EBODF
EBOI
EBR
EBR
EBS
EBSB
EBSB
EBSB
EBTC
EBTX
EBYH
EC
ECA
ECACU
ECAS
ECAU
ECBE
ECC
ECCB
ECCE
ECCI
ECCO
ECCZ
ECDC
ECDI
ECDP
ECEC
ECEZ
ECF
ECF
ECGA
ECGI
ECHI
ECHO
ECIA
ECIGQ
ECL
ECLN
ECMN
ECMR
ECMT
ECNI
ECOB
ECOG
ECOL
ECOM
ECOP
ECOS
ECPG
ECPL
ECPN
ECPO
ECR
ECRD
ECRO
ECSWF
ECT
ECTE
ECTH
ECTX
ECTYQ
ECYT
ED
EDAC
EDAP
EDCI
EDD
EDD
EDE
EDEP
EDF
EDF
EDG
EDGE
EDGW
EDHD
EDI
EDI
EDIG
EDIT
EDMC
EDN
EDNE
EDO
EDR
EDR
EDRG
EDS
EDS
EDTA
EDU
EDUC
EDVC
EE
EEA
EEA
EECO
EECPQ
EEDG
EEFT
EEGC
EEGI
EEH
EEHI
EEI
EEIG
EENIQ
EENR
EENT
EENX
EEP
EEPU
EEQ
EESH
EESI
EESV
EEX
EF
EFBI
EFC
EFCT
EFF
EFF
EFFC
EFII
EFIR
EFL
EFLI
EFLN
EFLO
EFLS
EFLT
EFOI
EFR
EFR
EFSC
EFSH
EFSI
EFT
EFT
EFTB
EFTI
EFUT
EFX
EGAN
EGAS
EGBB
EGBN
EGCO
EGDD
EGDW
EGF
EGF
EGHDQ
EGHT
EGI
EGIF
EGIF
EGIL
EGL
EGLE
EGLP
EGLT
EGMIQ
EGMM
EGN
EGNL
EGO
EGOH
EGOV
EGP
EGRN
EGRX
EGT
EGTK
EGXP
EGY
EGYH
EHI
EHIC
EHOS
EHPTP
EHR
EHSK
EHT
EHT
EHTEQ
EHTH
EHVVF
EIA
EIA
EIG
EIGI
EIHC
EIHI
EILL
EIM
EINF
EIO
EIO
EIP
EIP
EIPC
EIV
EIV
EIX
EJ
EKCS
EKFC
EKGRU
EKKH
EKSO
EL
ELA
ELAMF
ELAY
ELB
ELBI
ELC
ELCHQ
ELCO
ELCR
ELDOD
ELECU
ELED
ELEKTRA
ELEV
ELEZY
ELF
ELGO
ELGT
ELGX
ELIN
ELIO
ELLG
ELLI
ELLO
ELMD
ELNK
ELON
ELOQ
ELOS
ELP
ELRA
ELRC
ELRE
ELRN
ELRN
ELS
ELSE
ELSO
ELST
ELTK
ELTP
ELTZ
ELVN
ELVT
ELWD
ELX
ELXS
ELY
EMAN
EMAV
EMBR
EMBT
EMC
EMCF
EMCI
EMCO
EMCR
EMCS
EMD
EMDAQ
EMDF
EMDY
EME
EMED
EMES
EMEXF
EMF
EMF
EMGE
EMGR
EMHI
EMI
EMI
EMIS
EMITF
EMJ
EMJ
EMKR
EML
EMLB
EMLL
EMMD
EMMS
EMN
EMO
EMOC
EMON
EMPC
EMPM
EMPO
EMPR
EMPS
EMQ
EMQU
EMR
EMRD
EMRH
EMRI
EMSA
EMTC
EMX
EMXC
EMYB
ENAB
ENB
ENBL
ENBP
ENCB
ENCO
ENCR
ENDO
ENDP
ENDP
ENDRQ
ENDV
ENFC
ENG
ENGA
ENGI
ENGT
ENGY
ENH
ENHD
ENHT
ENI
ENIC
ENIP
ENJ
ENLAY
ENLC
ENLG
ENLK
ENLU
ENMFF
ENMGF
ENMI
ENOC
ENPH
ENPT
ENR
ENRJ
ENRT
ENS
ENSG
ENSL
ENSV
ENT
ENTA
ENTB
ENTG
ENTL
ENTR
ENUM
ENV
ENVA
ENVI
ENVR
ENVS
ENVV
ENWN
ENX
ENX
ENZ
ENZB
ENZN
ENZY
EOC
EOCA
EOD
EOD
EOG
EOI
EOI
EOLA
EOMN
EOPN
EOPT
EOS
EOS
EOSC
EOSI
EOSS
EOT
EOT
EOX
EPAM
EPAX
EPAY
EPAZ
EPB
EPC
EPD
EPE
EPE
EPEO
EPGC
EPGG
EPGL
EPGRQ
EPHC
EPHZ
EPIC
EPIQ
EPIX
EPL
EPLN
EPM
EPMMF
EPOC
EPPRC
EPR
EPRA
EPRF
EPRS
EPSC
EPSV
EPTI
EPXY
EPZM
EQBK
EQC
EQFC
EQFN
EQGP
EQIX
EQKR
EQM
EQPI
EQR
EQS
EQSE
EQST
EQT
EQTE
EQUI
EQUR
EQY
ERA
ERAO
ERB
ERBB
ERC
ERC
ERF
ERFB
ERGB
ERGN
ERGO
ERH
ERH
ERHE
ERI
ERIC
ERIE
ERII
ERII
ERIP
ERJ
ERMS
ERO
EROC
EROS
EROX
ERS
ERT
ERUC
ES
ESBA
ESBF
ESBK
ESBS
ESC
ESCA
ESCC
ESCR
ESCT
ESCU
ESD
ESDI
ESE
ESEA
ESES
ESFS
ESGI
ESGR
ESGS
ESHG
ESI
ESIC
ESIMF
ESIO
ESIV
ESK
ESL
ESLP
ESLT
ESMC
ESMK
ESND
ESNR
ESNT
ESNY
ESOA
ESP
ESPH
ESPIQ
ESPN
ESPR
ESQ
ESREF
ESRI
ESRT
ESRX
ESS
ESSA
ESSE
ESSF
ESSI
ESSX
ESTE
ESV
ESVC
ESVS
ESWW
ESXB
ESYE
ESYG
ESYS
ETAH
ETAR
ETB
ETB
ETBI
ETCC
ETCIA
ETCK
ETE
ETEC
ETEK
ETER
ETF
ETFC
ETFM
ETG
ETH
ETIID
ETJ
ETJ
ETKR
ETLC
ETLS
ETM
ETN
ETN
ETNLQ
ETO
ETO
ETP
ETR
ETRM
ETSM
ETST
ETSY
ETUA
ETUB
ETV
ETW
ETX
ETX
ETY
ETY
EUBK
EUENF
EUOT
EURI
EURN
EUSP
EV
EVA
EVAI
EVAM
EVAR
EVBG
EVBG
EVBN
EVBS
EVC
EVCA
EVCC
EVCI
EVDY
EVEIQ
EVEP
EVER
EVER4146639
EVF
EVG
EVG
EVGBC
EVGD
EVGN
EVH
EVHC
EVI
EVIX
EVJ
EVJ
EVK
EVLI
EVLMC
EVLV
EVM
EVM
EVN
EVN
EVO
EVO
EVOK
EVOL
EVOPQ
EVOS
EVP
EVP
EVR
EVRC
EVRN
EVRT
EVRX
EVSI
EVSNF
EVSP
EVSTC
EVSV
EVT
EVT
EVTC
EVTC
EVTI
EVTN
EVTP
EVUS
EVV
EVVWW
EVY
EVY
EW
EWBC
EWCR
EWJ
EWKS
EWLL
EWLU
EWRC
EWSI
EWST
EXA
EXAC
EXAD
EXAM
EXAR
EXAS
EXBX
EXC
EXC/33A
EXC/33B
EXCC
EXCH
EXCL
EXCS
EXD
EXD
EXDI
EXDS
EXDW
EXDX
EXEL
EXEO
EXFO
EXG
EXG
EXGI
EXH
EXHS
EXK
EXL
EXLA
EXLP
EXLS
EXMT
EXNT
EXOL
EXP
EXPD
EXPE
EXPE
EXPH
EXPI
EXPL
EXPO
EXPR
EXPX
EXR
EXRG
EXSO
EXTC
EXTI
EXTN
EXTR
EXXI
EXXI
EYE
EYEG
EYES
EYES
EYGUL
EYGY
EYII
EYSI
EYTH
EZCH
EZCL
EZEN
EZPW
EZT
EZTD
F
F
FABK
FABP
FABR
FABU
FAC
FACE
FAF
FAFA
FAGI
FAHLF
FAHO
FAKC
FAL
FALABELLA
FALC
FAM
FAME
FANG
FANH
FANH
FARE
FARM
FARM
FARO
FASC
FAST
FASV
FATE
FAV
FAVS
FAX
FAX
FB
FBAK
FBC
FBCD
FBCE
FBCI
FBCP
FBEC
FBER
FBFPRMCL
FBFPRNCL
FBFS
FBG
FBGX
FBHS
FBIP
FBIZ
FBK
FBM
FBMI
FBMS
FBNC
FBNIQ
FBNK
FBP
FBPI
FBR
FBRC
FBSPRACL
FBSS
FBSW
FBVA
FC
FCAA
FCAK
FCAM
FCAP
FCB
FCBC
FCBC
FCBE
FCBF
FCBI
FCBN
FCBZ
FCCG
FCCN
FCCO
FCCT
FCCY
FCE.A
FCEL
FCF
FCFC
FCFP
FCFS
FCGA
FCGD
FCH
FCHS
FCIC
FCLF
FCMCQ
FCN
FCNCA
FCNE
FCNR
FCO
FCO
FCOB
FCOR
FCPA
FCPB
FCPG
FCPN
FCPS
FCPT
FCR
FCRM
FCS
FCSC
FCT
FCTN
FCTOA
FCTR
FCTXZ
FCTY
FCUV
FCVA
FCX
FDBC
FDBL
FDBN
FDC
FDC
FDDXD
FDEF
FDEI
FDEU
FDFT
FDI
FDIT
FDKS
FDLB
FDMF
FDML
FDNB
FDNHQ
FDNU
FDO
FDOC
FDP
FDS
FDTC
FDUS
FDVF
FDX
FE
FECOF
FEDP
FEECQ
FEEDQ
FEEU
FEGI
FEGR
FEI
FEIC
FEIM
FELE
FELI
FELP
FEMSA UBD
FEN
FENG
FENX
FEO
FES
FET
FETM
FEWP
FEYE
FF
FFA
FFBC
FFBT
FFCH
FFCO
FFD
FFDF
FFEDQ
FFEX
FFFC
FFG
FFGI
FFHL
FFHN
FFH.PR.F
FFIC
FFIN
FFIS
FFIU
FFIV
FFKT
FFKY
FFLO
FFMH
FFNM
FFNTQ
FFNW
FFPM
FFTY
FFWC
FFWM
FGB
FGBI
FGCN
FGCO
FGEN
FGFT
FGL
FGLD
FGLF
FGMGQ
FGNT
FGOCQ
FGP
FGRD
FHAI
FHB
FHBC
FHBI
FHCO
FHHIQ
FHN
FHN4344272
FHRT
FHY
FI
FIBG
FIBH
FIBK
FICO
FIEC
FIEE
FIEG
FIEU
FIF
FIFG
FIFS
FIG
FIGY
FIHD
FII
FIIDL
FIIH
FIIT
FINC
FIND
FINDEP
FINL
FINN
FIRE
FIRM
FIRT
FIS
FISI
FISK
FISV
FIT
FITB
FITI
FIV
FIVE
FIVN
FIX
FIXD
FIZZ
FKCU.GA
FKLN
FKWL
FKYS
FL
FLAF
FLAT
FLC
FLCR
FLDM
FLEX
FLGE
FLGT
FLIC
FLIR
FLKI
FLKM
FLKS
FLL
FLLZ
FLMG
FLMI
FLMP
FLMS
FLNA
FLO
FLOW
FLOW
FLPC
FLR
FLRE
FLS
FLSCQ
FLSR
FLST
FLSW
FLT
FLTB
FLTT
FLTX
FLUG
FLUXD
FLWD
FLWS
FLXI
FLXN
FLXS
FLXT
FLY
FLY.A
FLYIQ
FM
FMAO
FMARQ
FMAX
FMBC
FMBE
FMBH
FMBI
FMBM
FMBV
FMC
FMCB
FMCI
FMCKK
FMD
FMDDQ
FMDG
FMER
FMFB
FMFC
FMFG
FMFN
FMFP
FMI
FMLEVERA
FMLP
FMM
FMM
FMN
FMN
FMNB
FMNG
FMNJ
FMNL
FMO
FMOO
FMOR
FMPR
FMRX
FMS
FMSA
FMTB
FMTC
FMX
FMY
FMYR
FN
FNAM
FNAT
FNB
FNBB
FNBC
FNBG
FNCB
FND
FNDM
FNDR
FNEC
FNF
FNFG
FNFI
FNGN
FNGR
FNHC
FNHI
FNHM
FNIP
FNJN
FNLC
FNON
FNRC
FNRG
FNRN
FNSCQ
FNSR
FNTC
FNTE
FNTT
FNV
FNWB
FNXC
FNXLF
FOCF
FODL
FOE
FOF
FOF
FOFI
FOFN
FOGO
FOHL
FOIL
FOLD
FOMX
FONM
FONR
FONU
FOR
FORC
FORD
FORK
FORM
FORR
FORTY
FORU
FOSI
FOSL
FOTB
FOURQ
FOXA
FOXF
FPAFY
FPAY
FPBF
FPBI
FPBK
FPBN
FPCG
FPF
FPFCQ
FPFI
FPFXQ
FPGR
FPH
FPI
FPL
FPLYQ
FPMI
FPNDQ
FPO
FPP
FPRN
FPRX
FPT
FPT
FPTA
FPVD
FPWM
FQJK
FR
FRA
FRA
FRAC
FRAF
FRAN
FRB
FRBA
FRBE
FRBK
FRC
FRCH
FRCN
FRD
FRDM
FRED
FREE
FRES
FREVS
FRF
FRFC
FRFS
FRGBQ
FRGI
FRGY
FRHV
FRIE
FRLF
FRM
FRMA
FRMC
FRME
FRMO
FRNK
FRNV
FRO
FROT
FRP
FRPC
FRPH
FRPPF
FRPT
FRS
FRSH
FRSI
FRST
FRT
FRTA
FRTEU
FRTG
FRTN
FRTW
FRVY
FRWL
FRX
FRX
FRXX
FRZT
FSACU
FSAM
FSB
FSBB
FSBC
FSBC
FSB.GB
FSBI
FSBK
FSBSP
FSBW
FSC
FSCB
FSCI
FSCR
FSD
FSDK
FSEI
FSEN
FSFG
FSFR
FSGI
FSGL
FSGR
FSH
FSI
FSIC
FSII
FSIN
FSL
FSLR
FSM
FSMEM
FSNMQ
FSNN
FSNR
FSNT
FSNUY
FSNV
FSOF
FSON
FSP
FSPR
FSRL
FSRX
FSS
FSSB
FSSN
FSTC
FSTF
FSTH
FSTJ
FSTR
FSV
FSVT
FSWA
FSYS
FT
FT3
FTAI
FTBK
FTCFQ
FTCY
FTD
FTEK
FTEO
FTER
FTF
FTF
FTGI
FTI
FTK
FTLF
FTMR
FTMX
FTNT
FTNW
FTPM
FTR
FTRM
FTS
FTS
FTSB
FTT
FTT
FTUSQ
FTV
FTWRQ
FTWS
FTXP
FUBC
FUBP
FUD
FUE
FUEG
FUEL
FUELQ
FUGI
FUIG
FUL
FULL
FULO
FULT
FUN
FUNC
FUNC
FUND
FUR
FURX
FUSB
FUSN
FUSZ
FUTL
FUTU
FVE
FVEN
FVPI
FVRG
FVSN
FVSTA
FVTI
FWDG
FWDR
FWLAF
FWLT
FWM
FWONA
FWP
FWRD
FWV
FXBY
FXCB
FXCB
FXEN
FXER
FXNC
FZMD
FZRO
G
G
G3D
GAB
GABAP
GABC
GACR
GAEX
GAFC
GAFCP
GAHC
GAHI
GAI
GAIA
GAIN
GALE
GALEFORC
GALI
GALT
GAM
GAME
GAMN
GAMT
GAMZ
GANS
GARB
GARS
GARZ
GAS
GASE
GASS
GATA
GATT
GAWK
GAXCQ
GAXIQ
GAZ
GB
GBAB
GBAHQ
GBAN085PREFEA
GBB
GBBK
GBBT
GBCI
GBCS
GBDC
GBDX
GBEN
GBEZQ
GBFT
GBGD
GBGH
GBHL
GBIL
GBIM
GBIR
GBL
GBL
GBLE
GBLI
GBLIZ
GBLL
GBLP
GBLS
GBLX
GBMS
GBNK
GBOE
GBP PRD
GBR
GBRC
GBSN
GBSS
GBSV
GBSX
GBT
GBTC
GBTI
GBTT
GBX
GC
GCA
GCAP
GCBC
GCDV
GCE
GCE
GCEH
GCEI
GCF
GCFB
GCH
GCHK
GCHT
GCI
GCIN
GCLL
GCMI
GCM.WT.A
GCNG
GCO
GCOM
GCP
GCPL
GCTY
GCV
GD
GDDY
GDEF
GDET
GDF
GDFI
GDI
GDIV
GDL
GDLM
GDLPRB
GDO
GDOT
GDP
GDP
GDS
GDS
GDSI
GDV
GDVD
GDVE
GDVM
GDVTZ
GE
GEB
GECC
GECC
GECR
GEECF
GEEFQ
GEEK
GEER
GEF
GEGI
GEGP
GEGR
GEIG
GEIN
GEL
GELT
GELV
GEMP
GEN
GEN
GENC
GENE
GENX
GEO
GEO B
GEOI
GEOR
GEOS
GEOT
GEPC
GEQ
GEQU
GER
GER
GERN
GERS
GES
GETG
GETH
GEVA
GEVI
GEVO
GEYI
GEZC
GF
GFA
GFCI
GFCJ
GFDV
GFED
GFF
GFGU
GFGY
GFI
GFIG
GFIS
GFLY
GFME
GFMH
GFN
GFNL
GFOO
GFOX
GFR
GFV.H
GFWQZ
GFY
GG
GGAC
GGAL
GGB
GGBL
GGE
GGG
GGII
GGL
GGLR
GGLT
GGM
GGN
GGNPRB
GGO
GGOPRA
GGOPY
GGP
GGRN
GGROU
GGSM
GGT
GGTS
GGWY
GGZ
GGZPRA
GHAV
GHC
GHCI
GHCSF
GHDX
GHGH
GHHC
GHI
GHI
GHII
GHIL
GHL
GHM
GHSEQ
GHST
GHWC
GHY
GHY
GI
GIAI
GIB
GIFI
GIG
GIGA
GIGL
GIGM
GIII
GIII
GIL
GILD
GILT
GIM
GIMC
GIMO
GIMU
GIREF
GIS
GITH
GITN
GIVN
GJH
GJO
GJP
GJR
GJS
GJST
GK
GKIN
GKIT
GKNT
GKOS
GLAD
GLAG
GLAS
GLBL
GLBN
GLBP
GLBR
GLBS
GLBZ
GLCH
GLCO
GLDC
GLDD
GLDG
GLDI
GLDN
GLEC
GLF
GLFC
GLFH
GLFN
GLFO
GLG
GLGH
GLGI
GLGSQ
GLHV
GLLA
GLLC
GLLK
GLMA
GLMB
GLMD
GLNG
GLNS
GLNV
GLO
GLOB
GLOG
GLOP
GLOV
GLOW
GLP
GLPG
GLPI
GLPW
GLQ
GLRE
GLRI
GLRI
GLRP
GLT
GLTC
GLU
GLUC
GLUU
GLUX
GLV
GLV
GLW
GLWA
GLXZ
GLYC
GLYE
GM
GMAN
GMBL
GMCI
GMCR
GMDP
GME
GMED
GMEI
GMER
GMETP
GMEV
GMEX
GMG
GMGI
GMK
GMLP
GMML
GMNI
GMO
GMOS
GMPM
GMPW
GMRE
GMS
GMSC
GMSL
GMT
GMTB
GMTCQ
GMTL
GMVI
GMZ
GNBA
GNBC
GNBR
GNBT
GNC
GNCA
GNCE
GNCMA
GNE
GNGR
GNGT
GNI
GNID
GNIN
GNK
GNKO
GNL
GNLKQ
GNMK
GNMN
GNMP
GNMX
GNOM
GNPG
GNPR
GNPT
GNRC
GNRD
GNRG
GNRL
GNRT
GNRV
GNSG
GNT
GNT
GNTM
GNTP
GNTW
GNTX
GNTY
GNUS
GNVC
GNW
GNXP
GNYS
GNZR
GOBK
GOCH
GOCM
GOEG
GOF
GOFF
GOGC
GOGL
GOGO
GOGR
GOHG
GOIG
GOL
GOLD
GOLF
GOLF
GOLU
GOLX
GOMO
GOOD
GOOGL
GOOI
GOOO
GOOS
GOPG
GOPH
GORO
GORV
GORXQ
GOU
GOV
GOVB
GOVN
GOVNI
GOVX
GOYL
GPACU
GPC
GPCMQ
GPDB
GPELL
GPEPRA
GPF
GPHG
GPI
GPIA
GPIC
GPIV33
GPIW
GPK
GPKE
GPL
GPLA
GPLB
GPLH
GPLS
GPM
GPMP
GPMT
GPN
GPNE
GPOR
GPP
GPRC
GPRE
GPRK
GPRM
GPRO
GPS
GPSI
GPSNQ
GPTC
GPTX
GPX
GPXM
GRA
GRAM
GRAS
GRBG
GRBK
GRBS
GRC
GRCH
GRCK
GRCO
GRCU
GRDB
GRDH
GRED
GREM
GREN
GREW
GRF
GRF
GRFS
GRGR
GRH
GRIF
GRKT
GRLD
GRLH
GRLL
GRMC
GRMN
GRMS
GRMX
GRN
GRNB
GRNE
GRNL
GRNO
GRNQ
GRO
GROG
GROV
GROW
GRPH
GRPI
GRPN
GRPS
GRPV
GRPX
GRPYP
GRR
GRRB
GRRP
GRSR
GRST
GRSU
GRT
GRTK
GRT-U
GRU
GRUA
GRUB
GRUI
GRVY
GRWC
GRWG
GRWN
GRX
GRYEF
GRYN
GRYO
GRYW
GRZ
GRZG
GS
GS/43PF
GSAC
GSAG
GSAT
GSB
GSBC
GSBD
GSC
GSCB
GSDC
GSE.BH
GSEG
GSEHQ
GSEN
GSEY
GSF
GSFD
GSH
GSHN
GSHT
GSI
GSIG
GSIT
GSK
GSL
GSLO
GSM
GSMF
GSMI
GSOL
GSOL
GSON
GSP
GSPE
GSPH
GSPI
GSPO
GSPT
GSRX
GSS
GST
GSTN
GSTV
GSTZ
GSUM
GSV
GSVC
GSVI
GSX3815302
GT
GTAP
GTCP
GTCR
GTE
GTGN
GTGP
GTHP
GTHR
GTHX
GTI
GTII
GTIM
GTIV
GTIX
GTK
GTKP
GTLL
GTLS
GTMM
GTN
GTNM
GTOPQ
GTOR
GTPS
GTRC
GTRQ
GTS
GTSM
GTSO
GTT
GTTJ
GTTL
GTU
GTVCF
GTVI
GTWN
GTWN
GTXI
GTXO
GTY
GTYH
GTYH
GTYHU
GUA
GUGO
GUID
GULD
GULTU
GURE
GUT
GV
GVA
GVBP
GVBT
GVCM
GVDI
GVFF
GVFG
GVHIB
GVNSF
GVP
GVSI
GW
GWB
GWBU
GWDCQ
GWFCL
GWGH
GWIN
GWIR
GWLKQ
GWOX
GWPC
GWPH
GWR
GWRE
GWRS
GWSC
GWSO
GWSVP
GWTR
GWW
GWWCF
GWYA
GWYT
GXG
GXP
GYB
GYC
GYI
GYLD
GYOG
GYPHQ
GYRO
GYSN
GYST
GYTI
GZT
H
HA
HABC
HABK
HABKP
HABT
HADV
HAE
HAFC
HAGE
HAGN
HAHI
HAIN
HAIPF
HAIR
HAL
HAL
HALB
HALL
HALN
HALO
HAMPQ
HAON
HAR
HARI
HARL
HARR
HART
HAS
HASC
HASI
HAST
HAUP
HAV
HAWK
HAYN
HAYZQ
HAZH
HBAN
HBAN.IA
HBB
HBCE
HBCI
HBCO
HBCP
HBCPRCL
HBHC
HBI
HBIA
HBIN
HBIO
HBK
HBK
HBKS
HBM
HBMD
HBMK
HBNC
HBNK
HBOS
HBOS
HBP
HBPE
HBRK
HBRM
HBSI
HBSL
HBUV
HC
HCA
HCACU
HCACWS
HCAP
HCBC
HCBK
HCC
HCC
HCCAW
HCCI
HCEI
HCFB
HCFL
HCGI
HCGS
HCHC
HCI
HCKT
HCLC
HCLP
HCM
HCNVQ
HCOM
HCOR
HCP
HCR
HCSG
HCT
HCT
HCTI
HD
HDB
HDCC
HDII
HDLM
HDLV
HDNG
HDP
HDRX
HDS
HDSN
HDST
HDVW
HDVY
HDYN
HDYX
HE
HEAR
HEAT
HEB
HEBT
HECCQ
HEES
HEI
HEIIQ
HELE
HELE
HELI
HEMA
HEME
HENC
HENGY
HENI
HENL
HEOL
HEOP
HEP
HEPRU
HEQ
HERB
HERC
HERF
HERO
HES
HESG
HESM
HESV
HEVE
HEVI
HEVY
HEWA
HF
HFBA
HFBC
HFBG
HFBL
HFC
HFCO
HFFC
HFLBP
HFRN
HFWA
HGAT
HGBL
HGCO
HGFNQ
HGG
HGHN
HGIC
HGII
HGMG
HGPI
HGR
HGRL
HGSH
HGT
HGUBP
HH
HHBT
HHC
HHDS
HHER
HHGI
HHGM
HHS
HHSE
HHWW
HHY
HHY
HI
HIBB
HIBE
HICKA
HIDC
HIE
HIF
HIFR
HIFS
HIG
HIH
HIHI
HIHO
HII
HIIQ
HIITQ
HIL
HILL
HIMR
HIMX
HIO
HIPC
HIPCF
HIPH
HIPPQ
HIPS
HIRD
HIRI
HIRT
HIRU
HIS
HISP
HITD
HITK
HITR
HITT
HIVE
HIW
HIX
HJOE
HJV
HJV
HK
HKAC
HKBT
HKBV
HKEB
HKFIQ
HKGT
HKNI
HKTV
HKWO
HKY
HL
HLACU
HLCSQ
HLF
HLFN
HLG
HLI
HLII
HLIT
HLIX
HLLK
HLLY
HLND
HLNE
HLOI
HLPN
HLS
HLSS
HLT
HLTH
HLUN
HLWD
HLX
HLXC
HLXH
HLXW
HLYK
HMBH
HMBT
HMC
HMDO
HME
HMEYL
HMG
HMGN
HMGP
HMH
HMHC
HMIN
HMLA
HMLD
HMLP
HMMR
HMN
HMNC
HMNF
HMNY
HMPQ
HMPR
HMSI
HMST
HMSY
HMTA
HMTC
HMTF
HMTV
HMUS
HMWN
HMY
HNDI
HNET
HNFSB
HNGL
HNH
HNI
HNIN
HNNA
HNP
HNR
HNRG
HNSN
HNT
HNTM
HNW
HNW
HNZB11B
HOFC
HOFD
HOFT
HOG
HOGS
HOGU
HOKCY
HOKUQ
HOLA
HOLD
HOLI
HOLL
HOLX
HOMB
HOME
HOME
HOMH
HOML
HOMR
HOMS
HOMX
HON
HONE
HOOB
HOPS
HORZW
HOS
HOS
HOSTQ
HOT
HOTF
HOTJ
HOTM
HOTR
HOTT
HOV
HP
HPAC
HPCCP
HPCQ
HPE
HPF
HPF
HPGN
HPGS
HPI
HPI
HPIL
HPJ
HPMFF
HPMM
HPP
HPPI
HPQ
HPRD
HPS
HPS
HPT
HPTG
HPTO
HPTX
HPY
HQCL
HQGE
HQH
HQL
HQY
HR
HRAA
HRAI
HRAL
HRB
HRBK
HRBN
HRC
HRDI
HRDN
HRG
HRGG
HRGP
HRI
HRL
HRLSQ
HRMN
HRNF
HRRB
HRS
HRTB
HRTE
HRTG
HRTT
HRTX
HRUM
HRVEQ
HRZB
HRZCB
HRZN
HSA
HSBC
HSBK
HSC
HSCC
HSCO
HSEA
HSEN
HSE.PR.A
HSFCPRBCL
HSFI
HSGX
HSHL
HSHS
HSIC
HSII
HSKA
HSNI
HSON
HSP
HSPG
HST
HSTC
HSTG
HSTH
HSTM
HSY
HT
HTA
HTBI
HTBK
HTBX
HTCH
HTD
HTD
HTDS
HTEC
HTEE
HTGC
HTGM
HTH
HTHT
HTLD
HTLF
HTM
HTOO
HTPN
HTR
HTR
HTRE
HTS
HTSC
HTSF
HTV
HTWC
HTWR
HTY
HTY
HTZ
HUB.B
HUBG
HUBS
HUDS
HUGE
HULK
HUM
HUMT
HUN
HUNT
HUNTU
HURC
HURN
HUSA
HUTC
HUTN
HUWX
HVAY
HVB
HVCW
HVST
HVT
HVYB
HVYW
HW
HWAL
HWBK
HWCC
HWEN
HWG
HWICQ
HWKN
HWKR
HWPR
HWRI
HWRK
HWSY
HWVI
HWWI
HXBM
HXL
HXPR
HXWWF
HY
HYB
HYCY
HYDGQ
HYDI
HYEG
HYF
HYF
HYGN
HYGS
HYH
HYHY
HYI
HYIG
HYII
HYLV
HYNLZ
HYPMY
HYPRQ
HYSR
HYT
HYT
HYV
HYWI
HZHFL
HZHI
HZN
HZNB
HZNM
HZNP
HZNTU
HZO
I
IACG
IACH
IACI
IAE
IAF
IAF
IAG
IAGI
IAGM
IAGX
IAIC
IALS
IAMXU
IARE
IARO
IART
IASCA
IASO
IAUS
IBA
IBAL
IBBD
IBCA
IBCP
IBDG
IBDI
IBFL
IBGH
IBGR
IBI
IBII
IBIN
IBIO
IBKC
IBKR
IBM
IBN
IBNW
IBOC
IBP
IBSS
IBTX
IBWC
IBXG
IBXM
ICA
ICAD
ICAGY
ICB
ICB
ICBC
ICBK
ICBN
ICBT
ICCC
ICCH
ICCO
ICCPR
ICCW
ICD
ICE
ICE
ICEL
ICEVL
ICFI
ICGL
ICGN
ICH
ICHR
ICHR
ICI
ICII
ICL
ICL
ICLD
ICLR
ICNB
ICNN
ICNQU
ICNSQ
ICNT
ICNVQ
ICOA
ICON
ICOPQ
ICOR
ICOS
ICP
ICPC
ICPT
ICPW
ICRD
ICS
ICTC
ICTG
ICTPU
ICTSF
ICTV
ICTY
ICUI
IDA
IDAD
IDAH
IDAI
IDCC
IDCN
IDCX
IDDP
IDDR
IDE
IDEA
IDEH
IDFB
IDGC
IDGI
IDGS
IDIBQ
IDIX
IDLM
IDMPQ
IDMV
IDN
IDND
IDNG
IDOI
IDPE
IDPIQ
IDRA
IDSA
IDSY
IDT
IDTI
IDTK
IDVC
IDVV
IDWM
IDXX
IEAG
IEAM
IEBA
IEBS
IEC
IEGH
IEH
IEHC
IELE
IEME
IENT
IEP
IESC
IEVM
IEX
IEXA
IF
IF
IFAC
IFAM
IFAN
IFBC
IFBH
IFBV
IFCC
IFCI
IFCR
IFF
IFIT
IFIXQ
IFK
IFLM
IFMI
IFMX
IFN
IFNY
IFON
IFOX
IFSB
IFSG
IFSH
IFSL
IFST
IFT
IFTV
IFUE
IFUS
IFXC
IFXY
IG
IGA
IGAI
IGAP
IGC
IGCA
IGD
IGDC
IGEN
IGEX
IGI
IGLD
IGLEU
IGLU
IGMB
IGNE
IGNI
IGNT
IGOI
IGPAA
IGPG
IGR
IGR
IGRU
IGRW
IGSC
IGSS
IGT
IGTE
IGXT
IHC
IHCH
IHD
IHG
IHGO
IHGP
IHIT
IHIT
IHR
IHRC
IHRT
IHS
IHSI
IHT
IHTI
IHTL
IIBK
IIC
IICC
IICN
IID
IIDG
IIF
IIF
III
III
IIIN
IIJI
IILG
IIM
IIM
IIN
IINX
IIPR
IIPR
IISX
IIVI
IJJP
IKAN
IKGH
IKGI
IKN
IKNX
IKTO
IL
ILA
ILAS
ILCM
ILED
ILGT
ILHL
ILII
ILIM
ILIU
ILIV
ILKG
ILLU
ILMN
ILNS
ILST
ILUM
ILUS
IM
IMAG
IMAX
IMBI
IMCB
IMCC
IMCI
IMCL
IMCL
IMCX
IMDC
IMDS
IMDZ
IMEN
IMF
IMGI
IMGL
IMGM
IMGN
IMGX
IMGY
IMH
IMI
IMIGN
IMII
IMIT
IMJN
IMJX
IMKG
IMKI
IMKTA
IMLE
IMLP
IMMB
IMMCQ
IMMD
IMMFF
IMMG
IMMM
IMMP
IMMR
IMMU
IMMY
IMN
IMNP
IMO
IMOM
IMOS
IMPC
IMPR
IMPV
IMPX
IMRS
IMS
IMSCQ
IMSU
IMT
IMTC
IMTL
IMTO
IMTS
IMTV
IMUC
IMUN
IMXC
IMYN
IN
INAN
INAP
INAR
INB
INB
INBI
INBK
INBT
INCB
INCC
INCM
INCT
INCY
IND
INDB
INDU
INF
INF
INFA
INFG
INFI
INFN
INFU
INFX
INFY
INGN
INGR
INHC
INHL
INIM
ININ
INIS
INIV
INIX
INKN
INKPQ
INKSD
INKW
INLL
INLX
INMD
INN
INND
INNI
INNL
INNO
INNV
INNX
INO
INOC
INOD
INOH
INOL
INOV
INOW
INP
INPH
INPX
INQD
INR
INRD
INS
INSE
INSI
INSM
INST
INSV
INSW
INSY
INT
INTB
INTC
INTE
INTG
INTK
INTL
INTO
INTP
INTR
INTT
INTU
INTV
INTX
INTZ
INUV
INVA
INVC
INVE
INVH
INVI
INVL
INVN
INVS
INVT
INVU
INVX
INWK
INWP
INXN
INYC
INZZZ
IO
IOC
IOFB
IOMG
IOMT
IONS
IOPDQ
IORG
IOSP
IOT
IOTS
IP
IPAH
IPAR
IPAS
IPB
IPCC
IPCI
IPCM
IPDN
IPG
IPGP
IPHI
IPHS
IPI
IPII
IPIX
IPJ.B
IPL
IPLB
IPLPRD
IPLY
IPMG
IPMN
IPOS
IPOW
IPRC
IPT
IPTK
IPUB
IPUR
IPWG
IPWLP
IPWR
IPX
IPXL
IPZI
IQC
IQI
IQI
IQM
IQMC
IQN
IQNT
IQT
IQV
IR
IRAD
IRBL
IRBS
IRBT
IRC
IRCP
IRDM
IRECQ
IREP
IRET
IRF
IRG
IRIDQ
IRIGW
IRIS
IRIX
IRL
IRLD
IRM
IRMD
IRNC
IRNE
IRNG
IRNNQ
IRNS
IROG
IROQ
IRR
IRS
IRSB
IRT
IRTC
IRWD
IRWNQ
IRWPQ
ISAT
ISBA
ISBC
ISBC
ISBL
ISCA
ISCIQ
ISCO
ISD
ISD
ISDN
ISDR
ISEF
ISG
ISGI
ISGNW
ISGTQ
ISH
ISHM
ISIG
ISIL
ISL
ISLE
ISLT
ISLV
ISML
ISNPY
ISNS
ISOL
ISON
ISPD
ISPU
ISR
ISRB
ISRG
ISRL
ISSC
ISSI
ISTC
ISTR
ISTT
ISWI
ISYE
ISYG
ISYX
IT
ITAC
ITC
ITCB
ITCC
ITCFY
ITCI
ITCJ
ITDD
ITDN
ITEC
ITEK
ITEN
ITEX
ITG
ITGL
ITGRW
ITI
ITIC
ITKG
ITKH
ITLI
ITLL
ITMC
ITME
ITMN
ITNF
ITNM
ITNS
ITOX
ITP
ITPC
ITPG
ITRI
ITRK
ITRN
ITRO
ITSI
ITSJF
ITSW
ITT
ITTI
ITTV
ITUB
ITUP
ITUS
ITVI
ITW
ITWO
ITWR
ITXG
ITXN
IUSN
IVAC
IVAP
IVBK
IVC
IVCO
IVDA
IVDN
IVFH
IVF.H
IVFI
IVFVC
IVH
IVH
IVII
IVME
IVMX
IVOB
IVOD
IVOP
IVR
IVRO
IVST
IVSW
IVTY
IVVI
IVZ
IWAL
IWBB
IWKS
IWMG
IWRS
IWSI
IWST
IWSY
IWWI
IX
IXC.H
IXEH
IXOG
IXSBF
IXYS
IYQT
IYXI
IZEA
IZON
JACK
JACO
JACWF
JADA
JADE
JADG
JAG
JAG
JAGX
JAH
JAHI
JAKK
JALA
JALC
JAMN
JANL
JAS
JASN
JASO
JAX
JAXB
JAXR
JAZ
JAZZ
JBCT
JBHT
JBK
JBL
JBLU
JBN
JBPB
JBSS
JBT
JCAP
JCDAF
JCE
JCI
JCI.V
JCLY
JCO
JCOM
JCP
JCS
JCTCF
JD
JDAS
JDD
JDD
JDID
JDOGQ
JDSU
JDVB
JE
JEC
JECL
JEF3814462
JELD
JEM
JEMC
JEN
JEQ
JEQ
JERT
JFBC
JFC
JFGI
JFIL
JFR
JFWV
JGBD
JGBL
JGBS
JGBT
JGG
JGH
JGPK
JGT
JGV
JGV
JGW
JHA
JHA
JHB
JHB
JHD
JHD
JHG
JHI
JHP
JHP
JHS
JHS
JHX
JHY
JHY
JIDG
JILL
JIVE
JJA
JJC
JJE
JJG
JJM
JJN
JJP
JJS
JJSF
JJT
JJU
JKHY
JKS
JLA
JLIC
JLL
JLMC
JLS
JMBA
JMDA
JMEI
JMF
JMG
JMI
JMIH
JMLP
JMLP
JMM
JMON
JMP
JMPB
JMPC
JMT
JMT
JMTM
JMYCQ
JNC
JNCE
JNGWD
JNIPP
JNJ
JNP
JNPC
JNPR
JNS
JO
JOB
JOBS
JOE
JOEY
JOEZ
JOF
JOF
JONE
JOUT
JOY
JP
JP
JPAD
JPC
JPC
JPEI
JPEP
JPEX
JPI
JPM
JPM/30B
JPM.OHG
JPMPRBCL
JPMPRCCL
JPNH
JPRT
JPS
JPST
JPT
JPW
JPW
JQC
JRDN
JRI
JRI
JRIV
JRJC
JRN
JRO
JRO
JRS
JRSS
JRVR
JSD
JSD
JSDA
JSHG
JSHY
JSMM
JSN
JST
JSYNU
JTA
JTA
JTBK
JTD
JTD
JTI
JTP
JTPY
JUDO
JUHL
JUMT
JUNE
JUNO
JUVF
JVA
JW.A
JWCAU
JWHI
JWN
JXSB
JYHW
JYN
JYNT
JYP PR
JYRA
JZHG
K
KAAC
KABX
KADR
KAHL
KAI
KALA
KALG
KALO
KALU
KALV
KALY
KAMN
KAMX
KANG
KANP
KAR
KARE
KATE
KATX
KATYQ
KAUSQ
KAYE
KAYS
KB
KBAL
KBH
KBIO
KBKC
KBKCP
KBLB
KBLM
KBPH
KBR
KBSF
KC2A
KCAP
KCC
KCCCL
KCG
KCLI
KCMH
KCPC
KDCE
KDIC
KDKN
KDMN
KDMP
KDNG
KDSM
KDUS
KE
KED
KEF
KEG
KELYA
KEM
KEN
KENCA
KENS
KENT
KEP
KEQU
KERX
KEX
KEY
KEY35
KEYN
KEYO
KEYP
KEYS
KEYW
KF
KFFB
KFH
KFRC
KFS
KFX
KFY
KGC
KGET
KGHI
KGJI
KGKG
KGNR
KGNX
KGTO
KHC
KHI
KHOLY
KHT.H
KHZM
KICK
KIDBQ
KIDSQ
KIM
KIMBER B
KIN
KING
KINS
KIO
KIO
KIPS
KIQ
KIRK
KIRY
KISB
KITE
KITM
KIWB
KJFI
KKD
KKFC
KKPT
KKR
KLAC
KLDK
KLDX
KLEG
KLGG
KLIB
KLIC
KLMK
KLOC
KLREU
KLSC
KLTI
KLXC
KLXI
KLYG
KMAG
KMB
KMDA
KMDO
KMF
KMF
KMFI
KMG
KMGT
KMI
KMIPRA
KMM
KMP
KMPH
KMPR
KMR
KMT
KMWE
KMX
KN
KNBA
KND
KNDI
KNECQ
KNKT
KNL
KNM
KNNV
KNOL
KNOP
KNOS
KNSC
KNSL
KNSY
KNX
KO
KODK
KOF
KOG
KOKG
KOLR
KOMG
KONA
KONE
KOOL
KOP
KOPN
KORE
KORS
KOS
KOSK
KOSS
KPAY
KPCPY
KPLNF
KPLUF
KPN
KPOC
KPP
KPTI
KR
KRA
KRANQ
KRAT
KRBF
KRB PRA
KRC
KRED
KREF
KRFG
KRFT
KRG
KRMC
KRNT
KRNY
KRO
KRP
KRSL
KS
KSBI
KSBO
KSE
KSGT
KSHB
KSIH
KSIX
KSM
KSQR
KSS
KSSH
KSSN
KST
KSTR
KSU
KSW
KSYT
KT
KTCC
KTDR
KTEC
KTF
KTH
KTLI
KTMC
KTN
KTOS
KTOV
KTP
KTWO
KTYB
KUAL
KURA
KURU
KUSA
KUTV
KVHI
KVIL
KVMD
KVME
KVPBQ
KW
KWBT
KWD
KWEB
KWIC
KWIT
KWR
KWUE
KYE
KYE
KYN
KYNC
KYO
KYPH
KYTH
KYZN
KZ
L
LABC
LABL
LACGP
LACO
LAD
LADR
LAGR
LAHO
LAKE
LAKF
LAMR
LAMR
LANC
LAND
LANZ
LAQ
LAQ
LARK
LASV
LATF
LATIQ
LATX
LAUR
LAVA
LAWEQ
LAWS
LAXAF
LAYN
LAZ
LB
LBAI
LBAO
LBAS
LBCB
LBCP
LBDC
LBF
LBGF
LBGO
LBIO
LBIX
LBMH
LBND
LBOA
LBRDK
LBRG
LBSR
LBSV
LBTD
LBTE
LBTG
LBTYA
LBTYA
LBUY
LBWR
LBY
LBYE
LC
LCA
LCAHU
LCAR
LCAV
LCC
LCDXW
LCHL
LCI
LCII
LCLGQ
LCLP
LCM
LCMD
LCNB
LCOM
LCRE
LCRT
LCRY
LCTC
LCTZ
LCUT
LD
LDF
LDFI
LDHL
LDIS
LDKYQ
LDL
LDM PRG
LDOS
LDP
LDP
LDR
LDRH
LDSH
LDSR
LE
LEA
LEAF
LEAI
LEAP
LEAS
LEAT
LECO
LEDD
LEDS
LEE
LEFA
LEG
LEGE
LEGX
LEHKQ
LEHLQ
LEHM.GUH
LEHNQ
LEJU
LEN
LENS
LEO
LEO
LEOM
LEON
LEU
LEXEA
LEXEB
LEXG
LEXI
LF
LFAP
LFBG
LFC
LFGH
LFGP
LFGR
LFHE
LFL
LFLS
LFPI
LFUS
LFVN
LFXG
LFYC
LG
LGAH
LGASS
LGBI
LGBS
LGCY
LGDIQ
LGF
LGHI
LGHS
LGI
LGI
LGIH
LGL
LGMH
LGMTA
LGND
LGNS
LGOV
LGR
LGSL
LGTS
LGTT
LGYH
LGYV
LGZ
LH
LHCG
LHHMQ
LHO
LHTV
LIBE
LIBHB
LIEG
LIFE
LIFS
LIGA
LII
LIME
LIN
LINC
LIND
LINE
LINK
LION
LIOX
LIQD
LIQRQ
LIQT
LIT
LITB
LITEV
LITH
LIVC
LIVE
LIVN
LIVR
LIVV
LIVX
LIWA
LIXT
LJPC
LKAI
LKCRU
LKFN
LKII
LKPL
LKQ
LKSD
LKST
LL
LLAB
LLBO
LLEG
LLEN
LLEX
LLFP
LLIT
LLL
LLLI
LLND
LLNW
LLPP
LLTC
LLY
LM
LMAC
LMAQ
LMAT
LMFAU
LMGR
LMIA
LMLDY
LMLG
LMLP
LMNK
LMNR
LMNS
LMNX
LMOS
LMRK
LMRKO
LMRKP
LMSC
LMT
LMTI
LMWW
LN
LNBB
LNBO
LNC
LNCE
LNCMQ
LNCO
LNCR
LND
LNDC
LNDG
LNDT
LNG
LNGB
LNGT
LNKD
LNKE
LNKG
LNN
LNR
LNT
LNTEQ
LNTH
LNTP
LNXGF
LNXW
LO
LOAN
LOB
LOCK
LOCM
LOCN
LOCO
LODE
LODG
LOGC
LOGG
LOGI
LOGL
LOGM
LOGN
LOGO
LOGQ
LOGX
LOJN
LOLI
LONE
LONG
LOOK
LOPE
LOR
LORL
LOTE
LOV
LOVI
LOVV
LOW
LOXO
LPAD
LPBC
LPBPF
LPCN
LPDX
LPFG
LPG
LPHCQ
LPHIQ
LPHM
LPI
LPIH
LPL
LPLA
LPNT
LPSB
LPSN
LPT
LPTC
LPTH
LPTI
LPX
LQ
LQDT
LQMT
LQWC
LRAD
LRCI
LRCX
LRDC
LRDR
LRE
LRET
LRGR
LRN
LRRA
LRRS
LRSV
LRTR
LSAL
LSBG
LSBI
LSBK
LSC
LSC
LSCC
LSCG
LSG
LSKA
LSMG
LSTG
LSTK
LSTR
LSTS
LSUS
LSXMA
LSXMB
LSXMK
LSYC
LSYN
LTBR
LTC
LTCP
LTDH
LTEA
LTEA
LTEC
LTFD
LTHO
LTHUQ
LTLM
LTM
LTMP
LTNC
LTRE
LTRKF
LTRPA
LTRX
LTS
LTSC
LTTC
LTTV
LTUM
LTUS
LTUX
LTVCQ
LTWC
LTXB
LTXB
LUAD
LUB
LUCC
LUCY
LUFK
LUK
LULU
LUMP
LUNA
LUNL
LUSI
LUTHP
LUV
LUVE
LUVT
LUVU
LUX
LUXI
LUXR
LVB
LVCA
LVCI
LVEN
LVGI
LVLT
LVNTA
LVPR
LVRLF
LVRP
LVS
LVVV
LVWD
LVYN
LW
LWAY
LWCTF
LWLG
LWLW
LWSL
LWSN
LWWA
LXFR
LXFT
LXHD
LXK
LXMO
LXP
LXRP
LXRX
LXU
LXXIQ
LYB
LYBC
LYFE
LYG
LYJN
LYL
LYLP
LYNS
LYO
LYRI
LYTS
LYV
LZB
LZENF
LZGI
M
MA
MAA
MAB
MAB
MAC
MACE
MACK
MACQ
MACQ
MACQU
MACR
MADGQ
MAEI
MAEN
MAG
MAGAA
MAGE
MAGS
MAHI
MAHN
MAIN
MAJCQ
MAJJ
MAMP
MAMS
MAN
MANH
MANT
MANU
MANW
MANY
MAOGY
MAPF
MAPI
MAR
MARA
MARK
MARPS
MAS
MASC
MASI
MAST
MAT
MATR
MATW
MATX
MAV
MAV
MAVT
MAXAF
MAXC
MAXD
MAXE
MAXW
MAXX
MAYS
MB
MBAY
MBCI
MBCN
MBCQ
MBCRQ
MBDE
MBEL
MBEW
MBFI
MBFI
MBG
MBHS
MBI
MBIAK
MBIF
MBII
MBIO
MBIT
MBLV
MBLY
MBND
MBOO
MBOT
MBRG
MBRX
MBST
MBT
MBT
MBTF
MBUU
MBVA
MBVC
MBVT
MBVX
MBWM
MC
MCA
MCA
MCAMQ
MCAP
MCAR
MCBC
MCBF
MCBG
MCBI
MCBI
MCBK
MCBN
MCBP
MCC
MCCI
MCCK
MCCX
MCD
MCELQ
MCEMB
MCEP
MCET
MCF
MCFT
MCGC
MCGI
MCHP
MCHT
MCHU
MCHX
MCI
MCIG
MCK
MCLBW
MCLN
MCMV
MCN
MCN
MCO
MCOA
MCOAQ
MCOMQ
MCOX
MCP
MCPH
MCPI
MCR
MCR
MCRAB
MCRB
MCRI
MCRL
MCRN
MCRS
MCS
MCTC
MCTH
MCUR
MCVT
MCY
MCYC
MCZ
MD
MDAS
MDAV
MDBS
MDC
MDCA
MDCE
MDCI
MDCL
MDCN
MDCO
MDCR
MDCX
MDDD
MDDI
MDDT
MDEA
MDEX
MDF
MDFI
MDGC
MDGL
MDGS
MDIT
MDLG
MDLH
MDLX
MDLY
MDLZ
MDNB
MDNT
MDP
MDPO
MDPWK
MDPY
MDQU
MDR
MDRM
MDRX
MDSN
MDSO
MDSY
MDT
MDTC
MDTO
MDTV
MDU
MDVN
MDVP
MDVX
MDW
MDWD
MDWE
MDWK
MDWV
MDXG
MDXL
MDXX
MEA
MEAI
MEAS
MECK
MED
MEDD
MEDH
MEDI
MEDP
MEDR
MEDS
MEDW
MEEC
MEET
MEG
MEG
MEGH
MEI
MEIL
MEIP
MEIQL
MEL
MELA
MELI
MELR
MELY
MEME
MEMLA
MEMP
MEMS
MEMY
MEN
MENB
MENC
MENI
MENT
MEOH
MEP
MEPW
MERC
MERC
MER$P
MERPRDCL
MERPRECL
MERPRFCL
MERPRK
MERPRMCL
MERPRP
MERR
MERU
MESO
MET
METC
METR
METR
MEWX
MFA
MFBP
MFC
MFCO
MFD
MFDB
MFG
MFI
MFL
MFL
MFLA
MFLX
MFM
MFNC
MFON
MFRM
MFS
MFSF
MFST
MFT
MFT
MFTH
MFV
MG
MGA
MGAM
MGCD
MGEE
MGEN
MGF
MGF
MGFX
MGGI
MGH
MGHL
MGI
MGIC
MGINQ
MGLN
MGM
MGMA
MGN
MGNLF
MGNT
MGNU
MGNX
MGON
MGP
MGPI
MGRC
MGRW
MGRYQ
MGSR
MGT
MGTC
MGU
MGU
MGUY
MGYR
MHBC
MHCC
MHCO
MHD
MHE
MHF
MHFI
MHG
MHGC
MHGI
MHGU
MHH
MHI
MHI
MHK
MHLA
MHLD
MHLD
MHLG
MHLI
MHME
MHMI
MHN
MHN
MHO
MHR
MHTX
MHY
MHYR
MHYS
MIBA
MIC
MICB
MICR
MIC SDB
MICT
MIDD
MIE
MIE
MIFI
MIG
MIGA
MIGL
MIGT
MIHI
MIII
MIIIU
MIIX
MIK
MIKL
MIKP
MIL
MILC
MILL
MILV
MIME
MIN
MIN
MIND
MINE
MINI
MIOI
MIPS
MIRN
MISN
MITB
MITD
MITK
MITL
MITT
MIVI
MIW
MIW
MIXT
MIXX
MIY
MIY
MJCO
MJDS
MJI
MJMD
MJMI
MJMJ
MJN
MJNA
MJNE
MJOG
MJPI
MJTK
MJTV
MJWL
MKC
MKGI
MKGLF
MKI.H
MKJI
MKL
MKN
MKRO
MKRS
MKSI
MKTO
MKTX
MKTY
MLAB
MLCG
MLDS
MLER
MLES
MLFB
MLGTD
MLHC
MLHI
MLHR
MLI
MLKNA
MLM
MLMN
MLNK
MLNX
MLNX
MLOV
MLP
MLPB
MLPC
MLPG
MLPH
MLPI
MLPL
MLPN
MLPO
MLPQ
MLPS
MLPV
MLPW
MLPZ
MLR
MLR
MLRA
MLR MF
MLSS
MLTC
MLTI
MLTO
MLVF
MLVF
MM
MMAC
MMAM
MMBF
MMC
MMCO
MMD
MMD
MMDAQ
MMDM
MMED
MMEG
MMEX
MMI
MMIO
MMLP
MMM
MMMB
MMMM
MMMS
MMMW
MMNT
MMOR
MMP
MMPM
MMPWQ
MMRF
MMRKQ
MMS
MMSI
MMSY
MMT
MMT
MMTC
MMTRS
MMTS
MMTV
MMU
MMUS
MMV
MMV
MMYT
MN
MNAI
MNAP
MNBC.GA
MNBO
MNBT
MNDO
MNDP
MNE
MNE
MNEM
MNET
MNGA
MNGG
MNHD
MNHG
MNHN
MNI
MNK
MNKB
MNKD
MNLU
MNMT
MNOV
MNP
MNR
MNRK
MNRO
MNRV
MNST
MNT
MNTA
MNTG
MNTM
MNTX
MNVN
MNWG
MNX
MNZO
MO
MOAK
MOB
MOBI
MOBL
MOBO
MOBQ
MOC
MOCI
MOCO
MOD
MODC
MODD
MODM
MODN
MODTQ
MOFG
MOFG
MOG.A
MOGN
MOH
MOJO
MOKB
MOKO
MOLG
MOLX
MOMC
MOMO
MOMT
MON
MONT
MOPN
MOR
MORE
MORG
MORL
MORN
MOS
MOST
MOSY
MOTA
MOV
MOVT
MOXC
MPA
MPA
MPAA
MPACW
MPAD
MPAY
MPB
MPC
MPEG
MPEL
MPG
MPIR
MPIX
MPLX
MPMA
MPME
MPML
MPN PRA
MPO
MPPCQ
MPQI
MPR
MPSP
MPSX
MPV
MPVC
MPVD
MPVR
MPW
MPWR
MPX
MQG
MQT
MQT
MQY
MQY
MR
MRAM
MRBK
MRC
MRCC
MRCR
MRCY
MRD
MRDH
MRDN
MREE
MREO
MRES
MRFD
MRGE
MRGE
MRGLF
MRGO
MRGX
MRH
MRIB
MRIC
MRIN
MRITQ
MRK
MRK
MRKT
MRLA
MRLB
MRLN
MRMD
MRNA
MRNS
MRO
MROE
MRPI
MRPS
MRPT
MRRL
MRSN
MRT
MRTI
MRTN
MRTX
MRUS
MRVC
MRVL
MRVT
MRWY
MS
MSA
MSAH
MSB
MSB
MSBC
MSBF
MSBF
MSBHY
MSBI
MSCC
MSCI
MSCK
MSD
MSD
MSDG
MSDI
MSET
MSEX
MSEZ
MSF
MSF
MSFG
MSFN
MSFT
MSG
MSGI
MSGN
MSGO
MSHE
MSHFQ
MSHI
MSHS
MSI
MSIF
MSII
MSITF
MSIU
MSJCL
MSK
MSKA
MSKCL
MSL
MSLI
MSLP
MSM
MSMT
MSN
MSNI
MSO
MSOF
MSON
MSP
MSP
MSPC
MSPD
MSPI
MSPP
MSPWP
MSR
MSRM
MSRT
MSSB
MSSD
MSSEL
MSSI
MSTF
MSTG
MSTO
MSTR
MSTX
MSWI
MSWM
MSY
MSZCL
MT
MTATQ
MTB
MTBC
MTBCP
MTB.HA
MTBPRACL
MTBR
MTCH
MTCH
MTD
MTDR
MTEX
MTFB
MTG
MTGB
MTGC
MTGE
MTH
MTIZ
MTL
MTLI
MTLK
MTLQU
MTLS
MTMC
MTMS
MTMW
MTN
MTNB
MTNX
MTOAF
MTOR
MTP
MTP
MTPH
MTR
MTRE
MTRMP
MTRN
MTRO
MTRT
MTRX
MTS
MTSC
MTSI
MTSL
MTSN
MTST
MTT
MTU
MTUU
MTVB
MTVO
MTVX
MTW
MTWD
MTWF
MTX
MTXS
MTZ
MU
MUA
MUC
MUC
MUE
MUE
MUEL
MUH
MUI
MUI
MUJ
MUJ
MULE
MULI
MUNF
MUR
MUS
MUS
MUSA
MUSS
MUX
MVAC
MVBF
MVBY
MVC
MVCO
MVEN
MVES
MVF
MVG
MVIS
MVNR
MVO
MVPH
MVPI
MVPN
MVRM
MVT
MVTG
MVTS
MW
MWA
MWAV
MWBC
MWE
MWEB
MWFS
MWGCL
MWIS
MWIV
MWOG
MWRCL
MWRX
MWV
MWW
MWWC
MX
MXA
MXBTF
MXC
MXE
MXE
MXF
MXFD
MXIM
MXL
MXLP
MXMG
MXN
MXOP
MXPT
MXSG
MXSS
MXWL
MXXH
MY
MYC
MYC
MYCC
MYCT
MYD
MYDO
MYDP
MYDX
MYE
MYEC
MYF
MYF
MYGG
MYGN
MYHA
MYHI
MYI
MYJ
MYL
MYLI
MYM
MYM
MYMX
MYN
MYN
MYND
MYNG
MYO
MYOK
MYOS
MYOV
MYOV
MYRA
MYRG
MYRX
MYRY
MYSL
MYSN
MYSZ
MYXR
MYYZ
MZA
MZA
MZBY
MZEI
MZF
MZF
MZIAQ
MZIM
MZOR
MZTAQ
N
NABA
NABZY
NAC
NAC
NACG
NACL
NAD
NAD
NADA
NADL
NAEI
NAEXD
NAFC
NAFS
NAGP
NAHD
NAI
NAII
NAK
NAKD
NAME
NAMG
NAMI
NAN
NAN
NAN
NANI
NANM
NANO
NANX
NAO
NAOV
NAP
NA.PR.W
NASB
NASGF
NASH
NAT
NATH
NATI
NATL
NATR
NAUH
NAV
NAVB
NAVG
NAVI
NAXG
NAZ
NAZ
NBB
NBBC
NBCT
NBD
NBD
NBDR
NBEV
NBFAQ
NBFT
NBG
NBH
NBH
NBHC
NBIIP
NBIX
NBJ
NBL
NBLC
NBLX
NBN
NBO
NBO
NBOH
NBR
NBRI
NBRV
NBRY
NBS.GA
NBTB
NBTF
NBVG
NBW
NBW
NBY
NC
NCA
NCA
NCAP
NCB
NCB
NCBS
NCCPRCCL
NCC PR F
NCEN
NCFT
NCI
NCIT
NCLC
NCLH
NCMI
NCO
NCOAQ
NCOM
NCP
NCPI
NCR
NCS
NCSM
NCTW
NCTX
NCTY
NCUPRC
NCV
NCVL
NCVT
NCZ
NDA
NDAC
NDAQ
NDCP
NDDG
NDES
NDLS
NDMT
NDP
NDP
NDRA
NDRE
NDRM
NDRO
NDSG
NDSN
NDVR
NDYN
NE
NE
NEA
NEA
NEBS
NECA
NECB
NEE
NEEB
NEEPRC
NEFBP
NEFF
NEGS
NEGY
NEI
NEIK
NEKO
NEM
NEM
NEMD
NEN
NEO
NEOG
NEOM
NEON
NEOS
NEOT
NEP
NEPB.GA
NEPG
NEPH
NEPT
NERG
NERO
NERV
NES
NESCQ
NESRU
NEST
NESV
NESW
NETE
NETE
NETO
NETS
NETW
NEU
NEUN
NEV
NEV
NEVE
NEWA
NEWC
NEWEN
NEWG
NEWG
NEWLF
NEWM
NEWN
NEWP
NEWR
NEWS
NEWT
NEWT
NEXS
NFBK
NFBK
NFC
NFEC
NFEI
NFG
NFJ
NFLX
NFM
NFP
NFRX
NFS
NFSE
NFTI
NFX
NFZ
NG
NGB
NGBF
NGBL
NGCI
NGD
NGEGM
NGEN
NGEY
NGG
NGHC
NGH.H
NGHO
NGHT
NGK
NGL
NGLD
NGLE
NGLS
NGMC
NGO
NGOOB
NGRC
NGS
NGSX
NGT
NGTF
NGVC
NGVT
NGX
NGX
NGZ
NH
NHA
NHA
NHC
NHEL
NHF
NHHS
NHI
NHLD
NHLE
NHLI
NHMD
NHPI
NHP PR B
NHPR
NHS
NHS
NHTC
NHY
NHYF
NI
NI
NIB
NICE
NICH
NICK
NICRL
NID
NID
NIDB
NIE
NIF
NIHD
NII
NILA
NILE
NIM
NIM
NIMU
NINI
NINK
NIO
NIO
NIPV P
NIQ
NIQ
NIUS
NIVM
NJ
NJMC
NJR
NJV
NJV
NK
NKA
NKE
NKG
NKG
NKO
NKOFF
NKR
NKSH
NKTR
NKX
NKY
NL
NLAB
NLBC
NLEF
NLFS
NLMP
NLN
NLNK
NLP
NLRT
NLS
NLSN
NLST
NLY
NM
NMA
NMA
NMB
NMBL
NMCX
NMD
NMDX
NMED
NMEX
NMFC
NMFS
NMGC
NMI
NMIH
NMKPRC
NML
NML
NMM
NMNX
NMO
NMO
NMP
NMR
NMRD
NMRX
NMS
NMSCA
NMT
NMT
NMTC
NMTI
NMTT
NMUS
NMXS
NMY
NMZ
NMZ
NNA
NNB
NNBP
NNBR
NNC
NNC
NNCT
NNDM
NNET
NNF
NNHE
NNI
NNJ
NNLX
NNMIF
NNN
NNO
NNRI
NNRX
NNSR
NNSV
NNTTF
NNUP
NNUTU
NNVC
NNWS
NNY
NNY
NNYR
NOA
NOA
NOAH
NOBH
NOBV
NOC
NOC
NODK
NOEC
NOG
NOG
NOHO
NOIZ
NOK
NOM
NOM
NOMD
NONT
NOOF
NOR
NORD
NORT
NORX
NOTE
NOV
NOVB
NOVC
NOVL
NOVN
NOVZ
NOW
NOX
NP
NPBC
NPCI
NPD
NPDTE
NPF
NPF
NPG
NPGW
NPHC
NPI
NPK
NPM
NPM
NPN
NPN
NPNTQ
NPO
NPP
NPP
N.PR.U
NPSP
NPT
NPT
NPTN
NPV
NPV
NPWZ
NPX
NPY
NQ
NQC
NQCI
NQI
NQI
NQJ
NQM
NQM
NQN
NQP
NQP
NQS
NQS
NQST
NQU
NQU
NR
NRB
NRBO
NRBT
NRCD
NRCIB
NRDCQ
NRDSQ
NRE
NREF
NRF
NRG
NRGSP
NRGT
NRGXQ
NRIM
NRK
NRK
NRLB
NRMH
NRO
NRO
NROM
NRP
NRPH
NRPI
NRPR
NRT
NRTI
NRWS
NRX
NRX
NRZ
NS
NSA
NSAM
NSARO
NSAT
NSAV
NSBK
NSC
NSE
NSEC
NSEH
NSEO
NSFC
NSH
NSI.PR.D
NSIT
NSJU
NSL
NSLP
NSM
NSMG
NSMSF
NSP
NSPH
NSPR
NSPX
NSR
NSRC
NSRPR
NSRS
NSS
NSSC
NSTG
NSTR
NSU
NSUB
NSYS
NTAH
NTAP
NTB
NTC
NTC
NTCI
NTCT
NTDR
NTEC
NTEK
NTES
NTFL
NTFY
NTG
NTGL
NTGR
NTHD
NTHR
NTHT
NTI
NTIC
NTII
NTIP
NTK
NTL
NTLA
NTLK
NTLS
NTM
NTME
NTN
NTNX
NTP
NTPL
NTRA
NTRB
NTRI
NTRO
NTRP
NTRR
NTRS
NTRS.GB
NTSA
NTSC
NTSLU
NTT
NTUR
NTWK
NTWN
NTX
NTX
NTXCZ
NTZ
NUAN
NUBC
NUBK
NUC
NUCO
NUE
NUGN
NUIN
NUJ
NUKK
NUKO
NULF
NULM
NUM
NUM
NUMD
NUN
NUO
NUO
NURO
NUS
NUTR
NUTTQ
NUUU
NUV
NUVA
NUVI
NUVM
NUW
NUW
NUXP
NUZE
NVAX
NVC
NVCN
NVCP
NVCR
NVDA
NVDL
NVDQ
NVEC
NVEE
NVET
NVFN
NVFY
NVG
NVG
NVGC
NVGN
NVGS
NVIC
NVIV
NVJ
NVL
NVLN
NVLS
NVMI
NVMMW
NVN
NVNT
NVO
NVOS
NVR
NVRO
NVS
NVS
NVSL
NVSL
NVTA
NVTN
NVTP
NVTR
NVUE
NVX
NVX
NWA
NWBA
NWBB
NWBD
NWBI
NWBM
NWBO
NWCB
NWCI
NWCM
NWCN
NWCOP
NWE
NWFL
NWGI
NWGN
NWHDU
NWHM
NWI
NWID
NWIN
NWL
NWLI
NWMH
NWMT
NWN
NWOOF
NWPG
NWPN
NWPP
NWPX
NWRZ
NWSA
NWTR
NWTT
NWUC
NWY
NWYF
NX
NXC
NXCN
NXEL
NXES
NXFI
NXGA
NXGH
NXI
NXJ
NXJ
NXK
NXLPRE
NXM
NXN
NXNN
NXNW
NXP
NXP
NXPC
NXPI
NXPS
NXQ
NXQ
NXR
NXR
NXRA
NXRT
NXSL
NXST
NXTD
NXTH
NXTM
NXTM
NXTYQ
NXTZ
NXUR
NXWI
NXWXQ
NXY
NXZ
NYCA
NYCB
NYCBPRU
NYH
NYH
NYLD
NYMT
NYMX
NYNY
NYRT
NYT
NYV
NYV
NYX
NYXO
NZF
NZF
NZH
NZH
NZR
NZW
NZX
O
OA
OABC
OAK
OAKO
OAKR
OAKS
OAPH
OAPH
OART
OAS
OASM
OATS
OB
OBAF
OBAS
OBCI
OBDE
OBLN
OBMP
OBQI
OBSV
OC
OCAS
OCAT
OCBI
OCBM
OCC
OCEL
OCEX
OCFC
OCFN
OCIP
OCIR
OCLG
OCLN
OCLR
OCN
OCPI
OCR
OCRPRA
OCRPRB
OCRX
OCSM
OCTI
OCTV
OCTX
OCUL
OCX
ODC
ODDJ
ODFL
ODH
ODMO
ODP
ODRS
ODYC
ODYY
ODZA
OEC
OEC PRA
OEDVQ
OESX
OFC
OFED
OFG
OFI
OFIX
OFLX
OFS
OFSI
OGAR
OGCP
OGE
OGEN
OGES
OGLE
OGLH
OGNG
OGNT
OGS
OGSM
OGXI
OHAI
OHAQ
OHGI
OHI
OHIPM
OHRP
OI
OI
OIA
OIA
OIB
OIBR
OIC
OII
OIIM
OIL
OILD
OILT
OILX
OILY
OIS
OJCB
OKE
OKE
OKRGQ
OKS
OKSB
OKSBP
OKTA
OLBG
OLBK
OLCB
OLDW
OLE
OLED
OLEM
OLIE
OLLI
OLMM
OLN
OLNK
OLO
OLOU
OLP
OLVI
OMAA
OMAB
OMAG
OMAM
OMBP
OMC
OMCL
OMCM
OMCY
OME
OMED
OMER
OMEX
OMG
OMGB
OMGT
OMGV
OMHE
OMI
OMM
OMMG
OMMH
OMN
OMNT
OMPS
OMRP
OMRX
OMSH
OMTK
OMTL
OMVE
OMVN
OMVS
OMWDF
OMX
ON
ONB
ONBI
ONCE
ONCI
ONCP
ONCS
ONCY
ONDK
ONDR
ONE
ONEF
ONFA
ONFC
ONG
ONIN
ONLI
ONMDQ
ONOV
ONP
ONSE
ONSIU
ONSM
ONST
ONTAQ
ONTG
ONTRF
ONTX
ONTY
ONVC
ONVI
ONVO
ONXX
OOAG
OODH
OOGI
OOMA
OPAY
OPB
OPBL
OPCO
OPEN
OPGN
OPGX
OPHC
OPHI
OPHT
OPIX
OPK
OPK
OPLI
OPLK
OPMC
OPMG
OPMZ
OPNN
OPNT
OPOF
OPP
OPRX
OPST
OPTI
OPTL
OPTN
OPTN
OPTR
OPTT
OPTX
OPTY
OPTZ
OPVS
OPWR
OPWR
OPXS
OPXT
OPY
OR
ORA
ORAC
ORAN
ORB
ORBC
ORBK
ORBT
ORC
ORCC
ORCL
OREX
OREX
ORFN
ORFR
ORGC
ORGFL
ORGS
ORGT
ORHB
ORHK
ORI
ORIG
ORIOY
ORIT
ORLY
ORM
ORMP
ORMTQ
ORN
ORNC
ORNH
ORNT
OROB
OROE
ORPB
ORPN
ORRF
ORRP
ORRV
ORSX
ORYN
ORYX
OSB
OSBC
OSBCP
OSBI
OSBK
OSCI
OSGB
OSHC
OSI
OSIN
OSIR
OSIR
OSIS
OSK
OSLH
OSMS
OSN
OSPR
OSRC
OSRS
OSRV
OSSI
OSTK
OSTO
OSUR
OTCL
OTED
OTEL
OTEX
OTFT
OTG
OTIC
OTIV
OTMN
OTOW
OTRX
OTTR
OTTR
OTTV
OTTW
OTTW
OTVLQ
OUBS/16
OUT
OUTD
OUTR
OVAS
OVBC
OVID
OVIT
OVLG
OVLY
OVRL
OVTI
OVTZ
OWCP
OWDN
OWOL
OWW
OXBC
OXBR
OXDG
OXFC
OXFD
OXFO
OXGN
OXIHF
OXIS
OXLC
OXM
OXY
OXYS
OYCO
OZM
OZON
OZRK
P
PAA
PAAC
PAACU
PAAS
PABK
PABL
PAC
PACB
PACC
PACD
PACE
PACEU
PACI
PACR
PACT
PACV
PACW
PADR
PAG
PAGP
PAH
PAHC
PAI
PAIR
PAL
PALC
PALS
PAM
PAMC
PAMI
PANC
PANG
PANL
PANL
PANW
PAOC
PAOS
PAPA
PAQWF
PAR
PARD
PARF
PARN
PARR
PARS
PASO
PATAQ
PATD
PATH
PATI
PATK
PAUC
PAVMU
PAXH
PAY
PAYC
PAYDD
PAYM
PAYX
PB
PBA
PBAH
PBAL
PBBI
PBCP
PBCT
PBEC
PBEP
PBEV
PBF
PBFX
PBGC
PBH
PBH
PBHC
PBHC
PBHG
PBI
PBIB
PBIO
PBIP
PBIP
PBIX
PBLSQ
PBM
PBMD
PBNC
PBNI
PBOX
PBPB
PBR
PBR.A
PBSK
PBSOQ
PBSV
PBT
PBTH
PBVA
PBY
PBYA
PBYI
PCAR
PCBC
PCBI
PCBK
PCBN
PCBP
PCBS
PCF
PCF
PCFC
PCFG
PCG
PCGPRE
PCGR
PCH
PCHM
PCHW
PCI
PCI
PCIR
PCK
PCK
PCKK
PCKO
PCL
PCLB
PCLI
PCLK
PCM
PCMC
PCMEF
PCMI
PCN
PCN
PCNT
PCO
PCOM
PCON
PCP
PCPG
PCPJ
PCPZ
PCQ
PCQ
PCRX
PCSA
PCST
PCSTQ
PCSV
PCTI
PCTY
PCUV
PCVI
PCWT
PCYC
PCYG
PCYN
PCYO
PCYS
PDAE
PDCE
PDCO
PDEC
PDEP
PDEX
PDFS
PDGE
PDG.GP
PDGO
PDH
PDI
PDI
PDII
PDIV
PDKI
PDLI
PDM
PDMI
PDNLB
PDOS
PDRG
PDRT
PDRX
PDS
PDT
PDT
PDVW
PE
PEAMF
PEB
PEBC
PEBK
PEBO
PECD
PECN
PED
PEDH
PEDU
PEET
PEFF
PEG
PEGA
PEGI
PEGPRA
PEI
PEII
PEIX
PEIX
PEKN
PELE
PEMX.HT
PEN
PENC
PENN
PENX
PEO
PEOP
PEP
PEPR
PEPRACL
PEPT
PEQU
PER
PERF
PERI
PERS
PERT
PERY
PES
PESI
PETC
PETM
PETQ
PETS
PETV
PETX
PEYE
PF
PFAP
PFBC
PFBI
PFBX
PFC
PFCF
PFD
PFE
PFED
PFEH
PFG
PFGB
PFGC
PFGC
PFGY
PFH
PFHO
PFIE
PFIN
PFIS
PFL
PFLC
PFLT
PFMH
PFMS
PFMT
PFN
PFND
PFNL
PFNO
PFNS
PFNX
PFO
PFOB
PFPT
PFS
PFSD
PFSF
PFSI
PFSW
PFTI
PFWI
PG
PGAI
PGAS
PGBC
PGC
PGCG
PGCR
PGCX
PGD
PGEC
PGEM
PGFY
PGGG
PGH
PGI
PGICQ
PGID
PGLC
PGLD
PGLO
PGM
PGN
PGND
PGNE
PGNT
PGNX
PGOG
PGOI
PGOL
PGP
PGPM
PGR
PGRD
PGRE
PGRX
PGS
PGSC
PGSI
PGSY
PGTI
PGTK
PGUS
PGVI
PGZ
PGZ
PH
PHBR
PHD
PHF
PHFB
PHG
PHGO
PHH
PHI
PHII
PHIL
PHK
PHLD
PHLH
PHLI
PHM
PHMB
PHMD
PHOS
PHOT
PHRX
PHSL
PHT
PHTO
PHUN
PHX
PHXMF
PHYH
PI
PIA
PIAC
PIAM
PIAR
PIBW
PICO
PIED
PIEX
PIF
PIH
PII
PIKE
PIM
PIM
PINC
PIP
PIR
PIRS
PIVN
PIY
PJC
PJET
PJS
PJSCL
PJT
PK
PKAYQ
PKBK
PKD
PKE
PKG
PKGH
PKGM
PKI
PKIN
PKKW
PKO
PKOH
PKPH
PKPL
PKT
PKTR
PKTX
PKX
PKY
PKY
PLAB
PLANQ
PLAY
PLBC
PLBN
PLCE
PLCM
PLD
PL$E
PLFE
PLFF
PLFM
PLFX
PLG
PLGC
PLHI
PLKH
PLKI
PLKT
PLL
PLLAF
PLLX
PLM
PLMO
PLMT
PLNF
PLNR
PLNT
PLNTQ
PLNU
PLOW
PLPC
PLPL
PLPM
PLRM
PLSB
PLSE
PLSSQ
PLT
PLTEU
PLTT
PLTYF
PLUAQ
PLUG
PLUS
PLWY
PLX
PLXS
PLYAW
PLYI
PLYM
PLYZ
PM
PMAH
PMAR
PMBC
PMBS
PMC
PMCA
PMCB
PMCM
PMCOQ
PMCS
PMD
PMDI
PMDL
PME
PMF
PMF
PMFG
PMG
PMGEP
PMHG
PMIG
PMIR
PML
PMLN
PMM
PMM
PMO
PMO
PMOB
PMOC
PMOZ
PMPG
PMSO
PMT
PMTI
PMTS
PMTT
PMVAU
PMX
PMXO
PMXX
PN
PNBC
PNBI
PNBK
PNC
PNF
PNF
PNFP
PNG
PNGB
PNGM
PNHCL
PNHT
PNI
PNI
PNIK
PNK
PNLT
PNM
PNNT
PNNX
PNOW
PNPL
PNR
PNRA
PNRC
PNRG
PNTC
PNTR
PNTT
PNTV
PNVL
PNW
PNX
PNY
POCC
PODD
POGS
POIG
POL
POLA
POLR
POM
PONR
POOL
POPE
POPM
POPT
POR
PORS
POS
POSC
POST
POT
POTG
POU
POWD
POWI
POWL
POWN
POWR
POWT
POWW
POZN
PPAFQ
PPBI
PPBN
PPBV
PPC
PPCB
PPCI
PPCQ
PPDAQ
PPDC
PPFP
PPFS
PPG
PPHM
PPIH
PPII
PPJE
PPL
PPMA
PPML
PPMT
PPNT
PPO
PPP
PPR
PPRG
PPRW
PPS
PPSF
PPSI
PPT
PPTIQ
PPTM
PPTO
PPTV
PPWE
PPWLM
PPX
PPYH
PPYR
PQ
PRA
PRAA
PRAC
PRAH
PRAN
PRAY
PRBI
PRC
PRCB
PRCP
PRDL
PRE
PREA
PRED
PREF
PREXF
PRFC
PRFT
PRGB
PRGN
PRGO
PRGO
PRGS
PRGX
PRHB
PRHL
PRHR
PRI
PRIM
PRK
PRKA
PRKI
PRKR
PRKV
PRLB
PRLE
PRLO
PRLSU
PRLX
PRMDA
PRMK
PRMN
PRMO
PRMW
PRNI
PRNSQ
PRO
PROI
PROJ
PROM
PROP
PROS
PROT
PROV
PROXQ
PRPH
PRPI
PRQR
PRRE
PRRP
PRRR
PRRT
PRSC
PRSG
PRSI
PRSN
PRSS
PRST
PRTA
PRTFU
PRTH.U
PRTK
PRTKQ
PRTO
PRTR
PRTR
PRTS
PRTT
PRTX
PRTY
PRU
PRVT
PRVU
PRVW
PRXG
PRXI
PRXL
PRXM
PSA
PSAV
PSAV
PSB
PSBC
PSBG
PSBH
PSBPRT
PSBQ
PSBR
PSCO
PSCR
PSD
PSDI
PSDO
PSDV
PSE
PSEC
PSEM
PSF
PSF
PSFT
PSG
PSGY
PSHNF
PSHR
PSID
PSIQ
PSIX
PSMH
PSMI
PSMT
PSNX
PSO
PSOF
PSOKM
PSON
PSPT
PSPW
PSRT
PSRU
PSSR
PSSS
PSTB
PSTG
PSTI
PSTO
PSTR
PSTX
PSUD
PSUN
PSW
PSWR
PSWS
PSWW
PSX
PSXP
PSY
PTAH
PTAM
PTBS
PTBTQ
PTC
PTCI
PTCK
PTCO
PTCP
PTCT
PTEK
PTEL
PTEN
PTEO
PTGEF
PTGX
PTHN
PTI
PTI
PTIE
PTIH
PTIX
PTIX
PTLA
PTLF
PTM
PTMD
PTN
PTNR
PTNT
PTOG
PTOI
PTOP
PTOS
PTP
PTPF
PTR
PTRA
PTRC
PTRN
PTRO
PTRT
PTRY
PTRZ
PTSAG
PTSC
PTSH
PTSI
PTSS
PTSX
PTTN
PTT-R
PTTTS
PTVL
PTX
PTXP
PTY
PTYA
PUB
PUBC
PUBQQ
PUDA
PUGB
PUGE
PUK
PULB
PULM
PUMD
PUMP
PUNK
PUPS
PURE
PURO
PURT
PURY
PUSAQ
PUSH
PVA
PVBC
PVCT
PVDG
PVEG
PVEN
PVFC
PVG
PVH
PVHO
PVMCF
PVNC
PVNO
PVNX
PVOFU
PVOTF
PVR
PVRS
PVSP
PVSW
PVTA
PVTB
PVTBP
PW
PWAVQ
PWCHF
PWCO
PWDY
PWE
PWEB
PWER
PWHSQ
PWLK
PWNX
PWOD
PWON
PWPY
PWR
PWRD
PWREQ
PWRM
PWRV
PWVI
PWX
PX
PXBP
PXCE
PXD
PXFG
PXIA
PXLW
PXP
PXPP
PXRB
PXS
PXYN
PYBX
PYDS
PYMXQ
PYN
PYN
PYOC
PYPL
PYRAQ
PYS
PYT
PZBW
PZC
PZC
PZE
PZG
PZN
PZOO
PZRX
PZZA
QABSY
QADA
QATSF
QBAK
QBAN
QBE
QBIO
QBR.B
QCCO
QCOM
QCOR
QCP
QCPC
QCRH
QDEL
QDLC
QEBR
QEGY
QENC
QEP
QEPC
QEPM
QGD
QGEN
QHC
QIHU
QIII
QIN
QING
QIWI
QKLS
QLGC
QLIK
QLTS
QLTY
QLYS
QMCI
QMDT
QMED
QMIS
QMRK
QNBC
QNGPZ
QNST
QNTO
QOBJ
QOIL
QPAC
QPAG
QPCI
QPDC
QPRC
QPWR
QQQ
QQQX
QQQX
QQQX
QRE
QRHC
QRON
QRSM
QRT
QRVO
QSEP
QSGI
QSII
QSIM
QSMG
QSND
QSP
QSPW
QSR
QSYSQ
QTII
QTM
QTMM
QTMR
QTNA
QTNT
QTS
QTWO
QTWW
QTXB
QUAD
QUES
QUIK
QUIP
QUMU
QUNR
QUOT
QURE
QURT
QUSA
QUTR
QWIKF
QWTR
QYLD
R
RA
RACE
RACG
RACK
RAD
RADA
RADG
RAEWF
RAFI
RAI
RAIL
RAIO
RAK
RALY
RAMG
RAND
RAPT
RAQP
RARE
RARS
RARX
RAS
RASP
RATE
RATE
RAVE
RAVEQ
RAVN
RAX
RAYS
RB.
RBA
RBB
RBBB
RBC
RBCAA
RBCC
RBCF
RBCI
RBCL
RBCN
RBCN
RBDC
RBI
RBIZ
RBJM
RBMXF
RBNW
RBOR
RBOS
RBPAA
RBRG
RBS
RBSC
RBS.GA
RBS.GB
RBS.GC
RBS.GD
RBSPRECL
RBSPRGCL
RBSPRICL
RBSY
RBTI
RBTK
RBY
RBYC
RCAP
RCAR
RCCC
RCCC
RCCH
RCG
RCGP
RCGR
RCHA
RCHBF
RCHN
RCI
RCII
RCIT
RCKE
RCKY
RCL
RCLL
RCM
RCMH
RCMT
RCOC
RCON
RCPI
RCPT
RCS
RCTC
RCWR
RCYT
RDA
RDAR
RDC
RDCM
RDDYQ
RDEN
RDFN
RDFY
RDGA
RDGE
RDHL
RDI
RDML
RDMPQ
RDMR
RDN
RDNT
RDS.B
RDTK
RDU
RDUS
RDVA
RDVWF
RDWR
RDXH
RDY
RE
REAC
REBL
RECN
REDEQ
REDF
REDG
REDL
REDW
REE
REED
REEM
REER
REEV
REFI
REFR
REG
REGI
REGN
REGT
REGX
REI
REIS
RELL
RELM
RELV
RELX
RELY
REMI
REMV
REMY
REN
RENE
RENN
RENS
RENT
RENX
REON
REOS
REPH
REPO
REPR
RES
RESI
RESN
RESS
RESY
RETA
RETC
REV
REVEQ
REVG
REVO
REVUQ
REX
REXEF
REXI
REXLQ
REXR
REXX
RF
RF
RFCS
RFDA
RFI
RFI
RFIL
RFMD
RFMI
RFMK
RFNN
RFP
RFPX
RGA
RGAPRA
RGBC
RGBD
RGBM
RGBOQ
RGC
RGCO
RGDX
RGEN
RGFR
RGGI
RGIN
RGLD
RGLG
RGLS
RGNA
RGNP
RGNT
RGNX
RGP
RGR
RGRX
RGS
RGSE
RGST
RGT
RGT
RGUS
RGXX
RH
RHA
RHAYY
RHDGF
RHI
RHP
RHSC
RHT
RHWI
RI
RIBS
RIBT
RIC
RICE
RICK
RIF
RIG
RIGI
RIGL
RIGP
RIGS
RIHC
RIHT
RIIC
RILY
RINO
RIO
RIOB
RISH
RIT
RITE
RITT
RIV
RIV
RIVE
RIVR
RIVT
RJA
RJDG
RJET
RJF
RJI
RJN
RJSD
RJZ
RKDA
RKLC
RKNW
RKOS
RKT
RKTI
RKUS
RKWTZ
RL
RLAB
RLBD
RLBS
RLBY
RLD
RLGT
RLGY
RLH
RLI
RLIA
RLJ
RLJAU
RLJE
RLLT
RLM
RLMD
RLOC
RLOG
RLPHQ
RLTB
RLTR
RLYP
RM
RMAX
RMBL
RMBS
RMCF
RMCP
RMD
RMDM
RMES
RMGN
RMI
RMIL
RMK
RMLXP
RMMI
RMNI
RMP
RMRAV
RMRI
RMRK
RMSL
RMT
RMTD
RMTI
RMTN
RMTR
RNA
RNBI
RNCP
RNDB
RNDY
RNET
RNF
RNFU
RNG
RNGC
RNGG
RNGR
RNHI
RNJ
RNKGU
RNN
RNO
RNOW
RNP
RNP
RNR
RNRG
RNST
RNTL
RNWF
RNWK
RNWR
RNY
ROBK
ROC
ROCAF
ROCK
ROCLF
ROCM
RODI
RODN
ROF
ROFO
ROG
ROGI
ROGP
ROHIQ
ROIAK
ROIC
ROII
ROIL
ROIQ
ROIQU
ROIX
ROK
ROKA
ROKE
ROKR
ROL
ROLA
ROLL
ROMA
RONCQ
ROOMQ
ROP
ROSD
ROSE
ROSG
ROSI
ROST
ROTH
ROVI
ROX
ROX
ROYE
ROYL
ROYT
RP
RP
RPAI
RPAML
RPBC
RPCX
RPD
RPDT
RPFG
RPHL
RPIN
RPM
RPMM
RPMT
RPOR
RPRX
RPSE
RPT
RPTP
RPTP
RPXC
RQI
RQI
RRC
RRCH
RRD
RRGB
RRGI
RRHI
RRIF
RRM
RRMS
RROLQ
RRR
RRRO
RRRT
RRTS
RS
RSAM
RSCF
RSDV
RSE
RSG
RSGX
RSHN
RSKIA
RSLCF
RSMI
RSO
RSOU
RSOX
RSPI
RSPNQ
RSPP
RSRT
RSRV
RSSS
RSSV
RST
RSTI
RSVP
RSYC
RSYS
RT
RTAS
RTBC
RTEC
RTEP
RTHG
RTHMQ
RTI
RTIX
RTK
RTLA
RTLX
RTN
RTN
RTNB
RTON
RTPRQ
RTRK
RTRX
RTSO
RTSX
RTTO
RTTR
RTULP
RTWW
RUBI
RUBR
RUE
RUN
RUNI
RUSHB
RUTH
RVA
RVBD
RVBD
RVDM
RVDO
RVEE
RVEN
RVHC
RVI
RVLT
RVLTF
RVM
RVMIZ
RVNC
RVNG
RVP
RVPL
RVR
RVRF
RVSB
RVT
RVTI
RVUE
RWC
RWEDQ
RWFC
RWLK
RWMI
RWT
RWWI
RWXL
RX
RXBZ
RXDX
RXEI
RXF
RXII
RXMD
RXN
RXN
RY
RYAAY
RYAM
RYBH
RYES
RYFL
RYI
RYL
RYMM
RYN
RYPE
RYSMF
RYTM
RYU
RZZN
S
SA
SAAS
SAAX
SABF
SABK
SABR
SACH
SADL
SAEB
SAEI
SAEX
SAF
SAFE
SAFM
SAFO
SAFS
SAFT
SAGA
SAGD
SAGE
SAH
SAIA
SAIC
SAIC
SAJA
SAKL
SAL
SALDY
SALE
SALL
SALM
SALM
SALN
SALT
SAM
SAMB
SAMG
SAMM
SAN
SANB
SAND
SANM
SANP
SANPRB
SANT
SANW
SAP
SAPE
SAPX
SAQU
SAR
SARA
SASR
SATCQ
SATS
SAUC
SAVB
SAVE
SAVW
SAVY
SAYC
SB
SBAC
SBAM
SBAY
SBAZ
SBBG
SBBP
SBBX
SBCF
SBCO
SBCP
SBDG
SBES
SBFC
SBFG
SBFM
SBGI
SBGL
SBGSY
SBH
SBHO
SBI
SBIBN
SBJX
SBKCQ
SBKIYP
SBKO
SBKPA
SBKT
SBLK
SBNCN
SBND
SBNK
SBNS
SBNY
SBON
SBOT
SBPH
SBR
SBRA
SBS
SBSA
SBSI
SBTB
SBUX
SBV
SBW
SBX
SBY
SC
SCAC
SCACU
SCAF
SCAI
SCAY
SCBS
SCCI
SCCO
SCCS
SCD
SCDA
SCEGN
SCEIQ
SCEP
SCEPRB
SCEPRG
SCEPRJ
SCEPRK
SCEPRL
SCG
SCGX
SCGY
SCHI
SCHL
SCHN
SCHP
SCHS
SCHW
SCHW
SCHW.AB
SCI
SCIA
SCIE
SCIL
SCIO
SCIX
SCKT
SCL
SCLD
SCLI
SCLN
SCLR
SCM
SCMF
SCMI
SCMP
SCMR
SCND
SCNI
SCNTQ
SCNWF
SCON
SCOO
SCOR
SCPD
SCPJ
SCPV
SCRCQ
SCRH
SCRK
SCRT
SCRX
SCS
SCSC
SCSG
SCSS
SCTY
SCTZ
SCUEF
SCVL
SCVM
SCWX
SCX
SCXN
SCYA
SCYL
SCYT
SCYX
SD
SDBT
SDEO
SDEV
SDGS
SDHM
SDIG
SDIR
SDLP
SDNA
SDOIB
SDON
SDPI
SDR
SDRC
SDRG
SDRL
SDSS
SDSYA
SDT
SDTC
SDTI
SDVG
SDVI
SDYL
SE
SEA
SEAC
SEAOF
SEAS
SEB
SEBC
SECI
SECT
SECU
SEDG
SEDN
SEE
SEE
SEED
SEEK
SEFE
SEGN
SEHI
SEIC
SELA
SELB
SELF
SELR
SELT
SEM
SEMG
SEMI
SEMUF
SENEA
SENR
SENS
SENY
SENZ
SEP
SEPE
SERV
SESI
SETC
SETO
SETS
SEV
SEVA
SEYE
SF
SFAZ
SFBC
SFBI
SFBK
SFBR
SFBS
SFD
SFDL
SFE
SFEF
SFEG
SFG
SFHD
SFHI
SFIN
SFIO
SFIV
SFL
SFLA
SFLL
SFLY
SFM
SFMI
SFNC
SFNS
SFOR
SFPI
SFRX
SFS
SFST
SFUN
SFXE
SFY
SGA
SGAR
SGB
SGBH
SGBI
SGBK
SGBP
SGBX
SGBY
SGC
SGCP
SGCR
SGDH
SGEN
SGER
SGF
SGFS
SGG
SGGC
SGGV
SGH
SGI
SGID
SGIH
SGII
SGK
SGL
SGL
SGLA
SGLB
SGLDF
SGLN
SGLS
SGLTQ
SGM
SGMA
SGMD
SGMG
SGMO
SGMS
SGMZ
SGNI
SGNT
SGOC
SGOO
SGQZ
SGRB
SGRP
SGRY
SGRZ
SGS
SGTB
SGTH
SGTI
SGTN
SGU
SGUI
SGUJ
SGUP
SGUS
SGY
SGYI
SGYP
SGZH
SHAK
SHBI
SHDBQ
SHDC
SHDH
SHEN
SHF
SHFL
SHG
SHGP
SHGT
SHI
SHIP
SHLD
SHLE
SHLM
SHLO
SHLX
SHMN
SHMP
SHMX
SHNL
SHO
SHOM
SHOO
SHOP
SHOR
SHOS
SHPG
SHPH
SHRK
SHRPQ
SHRV
SHSH
SHW
SHWK
SIAF
SIAL
SIBC
SIBE
SIBN
SIBO
SID
SIDGQ
SIE
SIEB
SIEN
SIF
SIFI
SIFI
SIFY
SIG
SIGA
SIGHT
SIGI
SIGL
SIGM
SIGN
SIHCD
SIII
SILC
SILS
SIM
SIMA
SIMC
SIMG
SIML
SIMO
SINA
SINC
SING
SINO
SINX
SIOR
SIPC
SIP.H
SIPN
SIPX
SIR
SIRC
SIRCQ
SIRG
SIRI
SIRO
SITE
SITGQ
SITM
SITO
SIVB
SIVBO
SIVBO
SIVE
SIX
SIXD
SIXX
SIZF
SJBA
SJI
SJKI
SJM
SJM
SJQU
SJR
SJT
SJW
SKAJ
SKAS
SKAX
SKBI
SKBY
SKCO
SKFBQ
SKGO
SKHHY
SKIN
SKIS
SKKB
SKKY
SKLN
SKM
SKNS
SKNYQ
SKPI
SKPN
SKPO
SKRJ
SKRUF
SKRV
SKS
SKSK
SKT
SKTO
SKUL
SKVI
SKVKY
SKVY
SKX
SKY
SKYC
SKYF
SKYH
SKYI
SKYIQ
SKYL
SKYS
SKYW
SLA
SLAB
SLAW
SLB
SLCA
SLCH
SLCM
SLCO
SLCT
SLD
SLD
SLF
SLG
SLGD
SLGI
SLGLF
SLGN
SLGTQ
SLGX
SLH
SLI
SLIF
SLIO
SLLN
SLLV
SLM
SLMU
SLNM
SLNN
SLNR
SLNX
SLNZ
SLOT
SLP
SLPA
SLPC
SLPC
SLPHQ
SLPL
SLR
SLRC
SLRK
SLRX
SLSC
SLSZQ
SLTA
SLTC
SLTD
SLTK
SLTM
SLTN
SLTZ
SLUP
SLVA
SLVH
SLVO
SLW
SLWD
SLXP
SM
SMA
SMAC
SMAL
SMAN
SMANP
SMAS
SMBC
SMBK
SMCE
SMCI
SMCP
SMDK
SMDM
SMED
SMEV
SMF
SMFG
SMG
SMGH
SMGIW
SMGY
SMHD
SMHI
SMHQ
SMHS
SMI
SMID
SMIT
SMKC
SMKG
SMKY
SMLF
SMLK
SMLP
SMLR
SMM
SMME
SMMF
SMMT
SMMT
SMP
SMPI
SMPL
SMPLF
SMPR
SMRKP
SMRL
SMRN
SMRS
SMRT
SMSA
SMSI
SMT
SMTC
SMTP
SMTX
SMVE
SMVR
SMWK
SMXIQ
SMXO
SN
SNA
SNAK
SNAP
SNAS
SNBC
SNBP
SNC
SNCBQ
SNCR
SNCTO
SND
SNDE
SNDK
SNDN
SNDR
SNDTF
SNDX
SNDY
SNDZ
SNE
SNEN
SNES
SNET
SNEY
SNFCA
SNGX
SNH
SNHR
SNHY
SNI
SNKI
SNKTY
SNLN
SNMBQ
SNMX
SNN
SNNA
SNNC
SNNN
SNNT
SNNY
SNOA
SNOFF
SNOW
SNP
SNPS
SNR
SNREQ
SNRR
SNRRW
SNRS
SNRV
SNRY
SNSGF
SNSS
SNST
SNTH
SNTL
SNTS
SNTW
SNTX
SNV
SNVHQ
SNVP
SNWR
SNWV
SNX
SNY
SNYL
SNYR
SO
SOAN
SOAP
SOBI
SOBS
SOCB
SOCC
SOCGP
SOCL
SODA
SODH
SODI
SOEN
SOFN
SOFO
SOFT
SOHI
SOHL
SOHO
SOHOM
SOHU
SOI
SOIGF
SOIS
SOKE
SOL
SOLS
SOLU
SOM
SOMC
SOME
SOMH
SOMX
SON
SONA
SONC
SONS
SONT
SOPK
SOPV
SOR
SORL
SORT
SOSO
SOST
SOTK
SOUL
SOUM
SOUPQ
SOUS
SOUT.GB
SOV$C
SOYL
SOYO
SP
SPA
SPAG
SPAN
SPAR
SPB
SPBU
SPBV
SPCB
SPCHA
SPCL
SPCO
SPDC
SPDE
SPDL
SPE
SPEX
SPF
SPG
SPGH
SPGH
SPGX
SPGZ
SPH
SPHM
SPHS
SPHT
SPI
SPI
SPI
SPIE
SPIL
SPIN
SPIR
SPK
SPKE
SPLK
SPLM
SPLP
SPLS
SPLT
SPLX
SPLY
SPLZ
SPMD
SPMI
SPN
SPNC
SPND
SPNE
SPNGQ
SPNI
SPNS
SPOI
SPOK
SPOM
SPP
SPPI
SPPR
SPQS
SPR
SPRN
SPRO
SPRS
SPRT
SPRV
SPRZ
SPSC
SPSY
SPTK
SPTN
SPTS
SPU
SPUP
SPW
SPWH
SPWR
SPXA
SPXP
SPXX
SPXX
SPYR
SPZI
SQ
SQA PR
SQBG
SQBK
SQFL
SQI
SQM
SQM-A
SQNM
SQNS
SQTI
SQTX
SQZZ
SRAM
SRAQU
SRAX
SRC
SRC
SRCE
SRCH
SRCL
SRCN
SRCO
SRCTQ
SRDP
SRDX
SRE
SREV
SRF
SRF
SRG
SRGE
SRGG
SRGZ
SRI
SRII
SRLP
SRMC
SRMX
SRNA
SRNE
SRNN
SRNW
SRO
SRPT
SRQ
SRR
SRRA
SRRE
SRRL
SRSC
SRSG
SRSK
SRSL
SRSP
SRSR
SRT
SRTI
SRTN
SRTSU
SRUNU
SRUP
SRU.UN
SRV
SRYB
SRYP
SSB
SSBI
SSBXQ
SSCO
SSCR
SSD
SSE
SSE
SSET
SSFN
SSFT
SSGI
SSGOF
SSH
SSHSQ
SSHZ
SSI
SSL
SSLP
SSMC
SSMH
SSN
SSNC
SSNF
SSNI
SSNT
SSOK
SSOL
SSP
SSPC
SSPT
SSRC
SSRG
SSRI
SSS
SSTI
SSTK
SSTP
SSTRF
SSTY
SSUR
SSVC
SSVR
SSW
SSY
SSYR
SSYS
ST
STAA
STAB
STAF
STAG
STAI
STAK
STAR
STAY
STB
STBA
STBD
STBI
STBV
STBZ
STC
STCA
STCC
STCK
STCRQ
STDE
STDY
STE
STEC
STEL
STEN
STEV
STFC
STGG
STHC
STHI
STHKQ
STI
STIE
STI.GG
STI.GI
STIN
STI/PRI
STIPRZCL
STIV
STJ
STJO
STK
STKL
STKPQ
STKS
STKTQ
STL
STLD
STLK
STLPRACL
STLRU
STLT
STLY
STM
STMC
STMK
STML
STMP
STN
STND
STNG
STNR
STNT
STNX
STNY
STO
STON
STOR
STOY
STPP
STQN
STR
STRA
STRB
STRC
STRI
STRL
STRM
STRN
STRP
STRS
STRT
STRU
STRZ
STRZA
STS
STSA
STSC
STST
STT
STTC
STT.GD
STTH
STTP
STTX
STUO
STV
STVI
STWC
STWD
STWSQ
STX
STXS
STXXQ
STYLA
STYS
STZ
SU
SUBB
SUBK
SUGR
SUHI
SUI
SUIC
SUI.H
SUM
SUME
SUMR
SUN
SUND
SUNE
SUNR
SUNS
SUP
SUPN
SUPR
SUPV
SUPV
SUPX
SUQU
SURE
SURG
SURP
SURW
SUSA
SUSPRACL
SUSQ
SUSQ.GH
SUSZ
SUTU
SUUB
SUWG
SUWN
SVA
SVAD
SVBI
SVBL
SVCX
SVDN
SVEIA
SVFC
SVFO
SVGP
SVIN
SVJ
SVJJ
SVLC
SVLE
SVLT
SVM
SVMB
SVMI
SVMT
SVNLY
SVON
SVOXQ
SVRH
SVSA
SVSE
SVSN
SVSO
SVT
SVTE
SVTLQ
SVTY
SVU
SVVB
SVVC
SVXA
SWAY
SWC
SWCC
SWDO
SWED A
SWEE
SWET
SWFT
SWFT
SWHI
SWHN
SWI
SWIOU
SWIR
SWK
SWK.GG
SWKH
SWKS
SWM
SWMX
SWN
SWRI
SWRL
SWRM
SWS
SWSEO
SWSH
SWSIP
SWTG
SWVI
SWW
SWWE
SWWI
SWX
SWY
SWZ
SWZH
SXC
SXCL
SXCP
SXE
SXI
SXL
SXT
SYA
SYBF
SYBRQ
SYBT
SYCRF
SYDW
SYEV
SYF
SYK
SYKE
SYMBA
SYMC
SYMM
SYMX
SYN
SYNA
SYNC
SYNG
SYNH
SYNI
SYNJ
SYNL
SYNM
SYNT
SYPR
SYPT
SYRA
SYRG
SYRS
SYT
SYTE
SYUP
SYUT
SYVC
SYVN
SYX
SYY
SYYC
SYZG
SZBI
SZC
SZC
SZMK
SZO
SZSN
SZYM
T
TA
TAC
TACI
TACO
TACT
TADF
TAEC
TAER
TAES
TAGE
TAGG
TAHEF
TAHO
TAI
TAIS
TAIT
TAKD
TAL
TALK
TALN
TALR
TAM
TAMB
TAMG
TAMO
TANH
TAOM
TAON
TAP
TAPM
TAPP
TAPR
TAQR
TARO
TAS
TASR
TAST
TAT
TATD
TATT
TAUG
TAX
TAXI
TAXSQ
TAYCP
TAYD
TAYO
TBACQ
TBBC
TBBK
TBET
TBEV
TBHS
TBI
TBII
TBIO
TBK
TBLX
TBLZ
TBMM
TBNC
TBNK
TBPH
TBRA
TBSS
TBTC
TC
TCAP
TCA.PR.Y
TCB
TCBG
TCBI
TCBK
TCBPRACL
TCCC
TCCO
TCEC
TCEL
TCFC
TCGD
TCGN
TCH
TCHC
TCHH
TCHL
TCI
TCIX
TCKF
TCLL
TCMD
TCNT
TCO
TCON
TCOR
TCP
TCPC
TCPI
TCPP
TCPW
TCRD
TCRTS
TCS
TCX
TD
TDBK
TDC
TDCB
TDCH
TDEY
TDF
TDG
TDG
TDL
TDNC
TDNT
TDOC
TDS
TDTT
TDW
TDXP
TDY
TDYT
TE
TEAM
TEAM
TEAR
TECD
TECH
TECJQ
TECK
TECK
TECM
TECO
TECR
TECU
TEDU
TEE
TEF
TEGP
TEGR
TEGY
TEHG
TEI
TEI
TEKCQ
TEKI
TEL
TELL
TELOZ
TEN
TENG
TENX
TEO
TEP
TEPF
TER
TERA
TERP
TESO
TESS
TETAA
TEU
TEU
TEUM
TEUM
TEVA
TEVE
TEVI
TEWI
TEX
TEXC
TEXS
TEXX
TF
TFBN
TFCH
TFCO
TFHW
TFINQ
TFIV
TFLG
TFM
TFRY
TFSC
TFSL
TFVR
TFX
TG
TGA
TGB
TGC
TGCM
TGD
TGEN
TGGI
TGH
TGI
TGICQ
TGISQ
TGLO
TGLP
TGLS
TGNA
TGNO4
TGP
TGRF
TGRO
TGRP
TGRR
TGS
TGT
TGTX
THBIY
THC
THCIQ
THCT
THDS
THEE
THEGQ
THFF
THG
THGS
THLD
THLM
THLT
THM
THMC
THMG
THNKQ
THNS
THO
THOR
THPHF
THQ
THR
THRA
THRD
THRM
THRO
THRSF
THRX
THS
THST
THTI
THVB
THVW
THW
THWI
TI
TIBB
TIBX
TICC
TIDE
TIER
TIF
TIG
TIGC
TIGE
TIGR
TIHC
TIII
TIK
TIKRF
TIL
TILE
TIME
TINO
TINV
TIPS
TIPT
TIPTL
TIRTZ
TIS
TISA
TISDZ
TISI
TITN
TITT
TIVO
TIVO
TIVU
TIXC
TJX
TK
TKAI
TKAT
TKC
TKCI
TKF
TKF
TKGL
TKGN
TKMU
TKOI
TKR
TKYVY
TLAB
TLAG
TLB.WS
TLCC
TLCO
TLCR
TLCVF
TLDG
TLF
TLFX
TLGN
TLI
TLIF
TLK
TLLEQ
TLLP
TLLT
TLM
TLMP3
TLMR
TLN
TLND
TLNT
TLOG
TLP
TLPEQ
TLPH
TLPY
TLR
TLRN
TLSRP
TLSW
TLVA
TLXTQ
TLYS
TM
TMAK
TMB
TMBLQ
TMBXF
TMCV
TMED
TMEG
TMEN
TMGG
TMH
TMHC
TMIN
TMK
TMMG
TMMI
TMO
TMOL
TMOVICC1
TMP
TMPS
TMQ
TMQ
TMRC
TMS
TMSG
TMSH
TMST
TMTP
TMUS
TMXN
TNAV
TNBI
TNC
TNCC
TNCXQ
TNDM
TNEN
TNET
TNGL
TNGNQ
TNGO
TNGS
TNH
TNK
TNKY
TNLX
TNO.H
TNP
TNPH
TNRK
TNSB
TNSIQ
TNSP
TNTR
TNTY
TNUG
TNXP
TOAK
TOCA
TODAF
TOF
TOFC
TOFR
TOGL
TOL
TOMDF
TOMZ
TONJ
TONR
TOO
TOOD
TOOTQ
TOPS
TOPZ
TOR
TORM
TOS
TOT
TOTG
TOUR
TOWN
TOWR
TPAC
TPAM
TPB
TPC
TPCA
TPCS
TPGE
TPGH
TPGI
TPH
TPHM
TPHS
TPI
TPIC
TPID
TPIV
TPL
TPLM
TPNI
TPNL
TPPM
TPPPF
TPPR
TPR
TPRE
TPRP
TPTW
TPUTQ
TPVG
TPVZ
TPWR
TPX
TPYP
TPZ
TPZ
TQLA
TQNT
TR
TRAB
TRAC
TRAK
TRBD
TRBO
TRBRQ
TRBX
TRC
TRCB
TRCH
TRCK
TRCO
TRCW
TRCY
TRDM
TRDP
TRDX
TRDY
TREC
TREE
TREP
TRES
TREX
TRF
TRF
TRFX
TRGM
TRGP
TRGT
TRHC
TRHC
TRHF
TRI
TRIB
TRICY
TRIDQ
TRIE
TRIG
TRII
TRIL
TRIN
TRIP
TRIS
TRITF
TRIV
TRIVQ
TRK
TRKG
TRKK
TRKR
TRKX
TRLA
TRLG
TRLI
TRMB
TRMK
TRMM
TRMR
TRMYQ
TRN
TRNC
TRNIQ
TRNO
TRNS
TRON
TROV
TROW
TROW
TROX
TROXW
TRP
TRPO
TRQ
TRR
TRRB
TRRE
TRRU
TRS
TRSI
TRST
TRT
TRTC
TRTI
TRTL
TRTN
TRTX
TRU
TRUA
TRUE
TRUK
TRUL
TRUP
TRUU
TRUX
TRV
TRVG
TRVN
TRVX
TRW
TRW PRB
TRX
TRXA
TRXC
TRXD
TRXO
TRYF
TS
TSBK
TSC
TSCC
TSCO
TSCO
TSE
TSEM
TSFGM
TSGL
TSH
TSHO
TSI
TSL
TSLA
TSLF
TSLF
TSLI
TSLX
TSM
TSMI
TSMX
TSN
TSNI
TSNP
TSOH
TSOI
TSOR
TSPG
TSQ
TSRA
TSRE
TSRI
TSRO
TSRR
TSRX
TSS
TSSI
TSSP
TSSR
TST
TSTA
TSTH
TSTN
TSTRQ
TSTS
TSU
TSYS
TTAC
TTA.H
TTC
TTCM
TTCS
TTD
TTEC
TTEK
TTF
TTGL
TTGT
TTHG
TTHI
TTI
TTLO
TTM
TTMI
TTNC
TTNP
TTNUF
TTOO
TTP
TTPH
TTRXQ
TTS
TTT
TTTM
TTWO
TTXP
TU
TUBE
TUC
TUCL
TUES
TUFC
TUIC
TUMI
TUNG
TUP
TURA
TURN
TURV
TUSK
TUTT
TUWOY
TUXS
TUYU
TV
TVC
TVCE
TVER
TVIZ
TVL
TVLFA
TVLS
TVLYQ
TVMD
TVOC
TVOG
TVPC
TVPT
TVTV
TVTY
TW
TWAIQ
TWC
TWDG
TWER
TWFH
TWGP
TWHI
TWHR
TWI
TWIN
TWKGQ
TWLO
TWM
TWMC
TWN
TWNE
TWNK
TWO
TWOC
TWOH
TWOU
TWRA
TWSI
TWTR
TWWI
TWX
TX
TXCCQ
TXEGQ
TXGE
TXHD
TXHE
TXHG
TXI
TXIC
TXJK
TXMC
TXMD
TXN
TXRH
TXSC
TXSO
TXSP
TXT
TXTM
TXTR
TY
TYC
TYCB
TYG
TYHT
TYIN
TYL
TYME
TYN
TYPE
TYRU
TYYG
TYYPRC
TZF
TZIX
TZOO
U11
UA
UACL
UAG
UAGI
UAGR
UAGZ
UAHC
UAL
UAM
UAMA
UAMM
UAMY
UAN
UAPC
UATG
UAVS
UBA
UBAB
UBC
UBCP
UBCP
UBFO
UBG
UBI
UBIA
UBIC
UBIQ
UBIX
UBKR
UBLI
UBM
UBMIP
UBMPY
UBN
UBNK
UBNK
UBNT
UBOH
UBQU
UBRG
UBS
UBSH
UBSI
UBSPRDCL
UBTG
UBYH
UCAP
UCBA
UCBI
UCBN
UCCC
UCFC
UCGR
UCHC
UCI
UCIB
UCLE
UCP
UCPA
UCPC
UCPH
UCRP
UCTN
UCTT
UDF
UDHI
UDMG
UDR
UDS
UDWKQ
UE
UEC
UEEC
UEIC
UEPEO
UEPS
UFAB
UFBC
UFCS
UFFCQ
UFI
UFMG
UFPI
UFPT
UFS
UG
UGAZ
UGDM
UGHL
UGHSQ
UGI
UGIC P
UGNEQ
UGP
UGSI
UGTRF
UGVMF
UHAL
UHLN
UHS
UHT
UIBGF
UIHC
UIL
UILCY
UIS
UISI
UITA
UITK
UL
ULBI
ULBR
ULFS
ULGX
ULNV
ULSP
ULTA
ULTI
ULTR
ULUR
UMAM
UMAX
UMBF
UMC
UMED
UMEM
UMEWF
UMFG
UMGP
UMH
UMHL
UMLS
UMMF
UMPQ
UMYC
UN
UNAM
UNB
UNCLQ
UNCO
UNDR
UNDT
UNDVL
UNDY
UNEQ
UNF
UNFD
UNFI
UNGS
UNH
UNHC
UNIB
UNIR
UNIS
UNIT
UNIV
UNLA
UNLL
UNM
UNMG
UNMV
UNP
UNRG
UNRH
UNS
UNSI
UNSS
UNT
UNTD
UNTKQ
UNTN
UNTXP
UNTY
UNVC
UNVR
UNXL
UOIP
UOLI
UOMO
UPCO
UPCPO
UPDC
UPFC
UPGI
UPHN
UPI
UPIN
UPIP
UPL
UPLD
UPNT
UPOW
UPPR
UPRD
UPS
UPSN
UPWT
UPZS
UQM
URBF
URBI
URBN
URBT
URCO
UREE
URG
URGN
URHG
URHY
URI
URIRP
URR
URRE
URSL
URZ
USA
USAB
USAC
USAE
USAK
USAM
USAP
USAQ
USAS
USAT
USAV
USB
USBC
USBC34
USBG
USBL
USBPRA
USB.QF
USCR
USCZF
USDC
USDF
USDP
USDR
USEG
USEI
USEL
USFCQ
USFD
USFP
USG
USGA
USHP
USIH
USLG
USLM
USLQ
USM
USMD
USMJ
USMN
USNA
USNL
USNU
USOD
USPH
USPH
USPI
USPI
USPR
USPS
USRE
USRM
USSPQ
UST
USTC
USTG
USTU
USV
USWCQ
USWF
UTEK
UTF
UTF
UTG
UTG
UTGN
UTHR
UTI
UTIW
UTIXQ
UTL
UTLV
UTMD
UTMR
UTOG
UTRA
UTRK
UTRX
UTSI
UTX
UTYW
UUP
UUU
UUU
UUUU
UVCL
UVE
UVFT
UVIC
UVND
UVSE
UVSLQ
UVSP
UVUM
UVV
UWBKQ
UWHR
UWKI
UWN
UWRL
UWTI
V
VA
VABK
VAC
VAH
VAL
VALE
VALU
VALV
VAPE
VAPHQ
VAPI
VAPO
VAPR
VAR
VASC
VASO
VATE
VBDG
VBF
VBFC
VBIO
VBIV
VBLT
VBTC
VBTX
VC
VCAN
VCBI
VCBP
VCC
VCEL
VCF
VCF
VCLD
VCMG
VCMP
VCO
VCOR
VCPS
VCRA
VCRTQ
VCST
VCSY
VCTL
VCTRQ
VCTY
VCV
VCV
VCYE
VCYT
VDCH
VDDA
VDKB
VDO
VDPH
VDRM
VDSI
VDTH
VEAC
VEC
VECO
VECT
VED
VEDL
VEEV
VEII
VELA
VELPRECL
VELTF
VEND
VERC
VERD
VERF
VERI
VEST
VET
VEXPQ
VFC
VFL
VFL
VG
VGEN
VGGL
VGI
VGI
VGID
VGLS
VGM
VGM
VGR
VGRBF
VGREF
VGTL
VGZ
VHC
VHCIQ
VHGI
VHI
VHS
VHUB
VIAB
VIAP
VIAS
VIAVV
VIBI
VICA
VICL
VICR
VIDA
VIDE
VIE
VIEW
VIFI
VIFL
VII
VII
VIICQ
VIIN
VILF
VIM
VIMB
VIMC
VINO
VIONQ
VIOSF
VIP
VIPPS
VIPR
VIPS
VIPV
VIRA
VIRC
VIRT
VISI
VISN
VIST
VITC
VITK
VITRO A
VIV
VIVE
VIVHY
VIVK
VIVO
VIZC
VIZG
VJET
VKI
VKI
VKIN
VKL
VKQ
VKSC
VKTX
VLBI
VLDI
VLEN
VLGEA
VLO
VLO
VLP
VLRS
VLRX
VLT
VLTC
VLTCW
VLTR
VLXC
VLY
VLYFQ
VMAN
VMC
VMCI
VMCS
VMCT
VMED
VMEM
VMET
VMI
VMM
VMM
VMNT
VMO
VMO
VMPT
VMRI
VMSYQ
VMTG
VMV
VMW
VMY.H
VNCE
VNCI
VNDA
VNET
VNJA
VNO
VNODCL
VNOM
VNR
VNRR
VNRX
VNSN
VNTH
VNTI
VNTN
VNTR
VNTV
VNUE
VNWI
VOC
VOCS
VOD
VODG
VOHO
VOIL
VOIP
VOIS
VOLC
VOLT
VOMT
VOQ
VOQP
VOXR
VOXX
VOYA
VOYT
VPCO
VPER
VPG
VPGIP
VPHM
VPLM
VPOR
VPRB
VPRO
VPTK
VPTV
VPV
VPV
VPWI
VQT
VQTS
VR
VRA
VRAY
VRCC
VRCI
VRCM
VRCV
VRDE
VRDI
VRDR
VRDT
VRHD
VRME
VRML
VRNA
VRNG
VRNM
VRNS
VRNT
VROT
VRS
VRSI
VRSK
VRSN
VRSOQ
VRTA
VRTB
VRTC
VRTK
VRTS
VRTT
VRTU
VRTV
VRTX
VRTY
VRX
VRYAF
VSAR
VSAT
VSB
VSBN
VSCP
VSDL
VSEC
VSH
VSHC
VSHP
VSI
VSLC
VSLR
VSM
VSMD
VSMR
VSMV
VSNT
VSPC
VSR
VSRV
VSST
VST
VSTCQ
VSTI
VSTM
VSTO
VSUL
VSYM
VSYS
VTA
VTA
VTAE
VTAIQ
VTDI
VTEQ
VTG
VTGN
VTGN
VTIP
VTJ
VTKT
VTL
VTLV
VTMB
VTMS
VTN
VTN
VTNL
VTNR
VTR
VTRB
VTRQ
VTRU
VTSI
VTSS
VTST
VTTI
VTTW
VTVT
VTXB
VULC
VUME
VUOC
VUZI
VVC
VVDB
VVDL
VVEA
VVI
VVIT
VVPR
VVR
VVUS
VVV
VWIN
VWR
VXEL
VXX
VXZ
VYCO
VYEY
VYFC
VYGR
VYON
VYST
VYTRQ
VZ
VZIO
W
WAAS
WAB
WABC
WAC
WACC
WACF
WAFD
WAGE
WAIR
WAKE
WAL
WALG34
WALK
WARM
WASH
WASM
WAT
WATT
WAV
WAVX
WAXS
WAYN
WAYS
WB
WB
WBA
WBAI
WBB
WBC
WBCO
WBHC
WBIO
WBK
WBKC
WBMD
WBML.GB
WBNK
WBS
WBSI
WBSN
WBXU
WCAA
WCAP
WCBO
WCC
WCCP
WCEC
WCFB
WCG
WCHS
WCIC
WCIG
WCIS
WCN
WCOE
WCRE
WCRI
WCRS
WCRT
WCST
WCUI
WCVC
WCYN
WD
WDACQ
WDAY
WDC
WDDD
WDDN
WDFC
WDFN
WDHR
WDIS
WDKA
WDLF
WDMG
WDR
WDRP
WDSL
WDSP
WDTX
WEA
WEBB
WEBC
WEBK
WEBPQ
WEC
WECS
WEET
WEFP
WEGI
WEIN
WELL
WELPM
WELX
WEN
WEQL
WERN
WERU
WES
WESA
WESC
WEST
WETF
WETM
WEWC
WEX
WEYI
WEYL
WEYS
WF
WFAFY
WFBI
WFC
WFCF
WFCL
WFC/PPS
WFEPRA
WFM
WFRC
WFSC
WFT
WFT
WFT
WFWL
WG
WG
WGA
WGAS
WGATQ
WGBS
WGEE
WGEI
WGL
WGLCN
WGLF
WGNAP
WGNR
WGO
WGP
WGTB
WGTG
WGYY
WHAIQ
WHCA
WHCH
WHEN
WHF
WHG
WHHT
WHJH
WHKA
WHLM
WHLR
WHLRD
WHLX
WHR
WHRT
WHSI
WHXT
WHZ
WIA
WIA
WIBC
WIEI
WIFI
WIFM
WIFT
WIL
WILC
WILD
WILK
WILN
WIN
WINA
WIND
WING
WINH
WINS
WIRE
WIRX
WISH
WIT
WITL
WITM
WIW
WIW
WIX
WIZD
WK
WKBT
WKHS
WKKE
WKLN
WKYN
WLAN
WLB
WLBC
WLBR
WLDN
WLFC
WLGC
WLH
WLK
WLKF
WLKP
WLKR
WLL
WLOLQ
WLRH
WLSE
WLSI
WLT
WLUC
WLVH
WLVTQ
WLYW
WM
WMAL
WMAR
WMB
WMB
WMC
WMCO
WMDA
WMDL
WMDS
WMEG
WMET
WMGIZ
WMHH
WMHI
WMIH
WMK
WMLP
WMNS
WMPN
WMS
WMSI
WMT
WMTM
WMTNQ
WMW
WNAPRCL
WNBD
WNC
WNCG
WNCH
WNDM
WNDW
WNEA
WNEB
WNMLA
WNR
WNRL
WNRP
WNS
WNTR
WNWG
WOAM
WOFA
WOGI
WOLF
WOLV
WOMI
WOOF
WOR
WOTC
WOW
WOW
WOWI
WOWO
WPC
WPC
WPCS
WPEC
WPEC
WPFH
WPG
WPHM
WPKCL
WPKS
WPP
WPPGY
WPRT
WPSL
WPT
WPTH
WPUR
WPWR
WPX
WPZ
WQNI
WR
WRB
WRBO
WRD
WRE
WRES
WRFX
WRGP
WRI
WRIT
WRK
WRLD
WRLSW
WRN
WRSI
WRSPQ
WSB
WSBC
WSBF
WSBF
WSBP
WSC
WSCC
WSCE
WSCI
WSCO
WSF
WSFGQ
WSFL
WSFP.GA
WSFS
WSGF
WSGI
WSGP
WSH
WSHE
WSHP
WSLR
WSM
WSML
WSMM
WSO
WSPBP
WSPPU
WSPS
WSR
WSRA
WSSSQ
WST
WSTC
WSTG
WSTI
WSTL
WSTM
WSTN
WSTR
WSYS
WTBA
WTBFA
WTCG
WTCT
WTECQ
WTER
WTEZQ
WTFC
WTFS
WTHL
WTI
WTKN
WTM
WTMK
WTR
WTRO
WTS
WTS
WTT
WTTR
WTW
WTWN
WTWR
WTXR
WU
WUBA
WUFG
WUHN
WVE
WVFC
WVNTF
WVVI
WWAV
WWAY
WWBP
WWD
WWDH
WWDI
WWE
WWEB
WWIN
WWNG
WWPW
WWRL
WWSG
WWST
WWTH
WWW
WWWW
WX
WXGBA
WXMN
WY
WYIGU
WYN
WYNDQ
WYNN
WYPH
WYY
X
XAA
XAIN
XALL
XBIO
XBIT
XBOR
XBTCQ
XCAN
XCHO
XCLK
XCLL
XCO
XCOM
XCPL
XCRA
XCRP
XDRC
XDSL
XEC
XEL
XELB
XENE
XENO
XENT
XFCH
XFLS
XFLT
XFTBE
XFUL
XGTI
XHR
XHUA
XIN
XKE
XL
XLIT
XLNX
XLPI
XLRM
XLRN
XLS
XMLP
XMSR
XNCR
XNDA
XNET
XNEZ
XNGR
XNNHQ
XNPT
XNRG
XNY
XNYH
XOG
XOM
XOMA
XON
XONE
XOOM
XOXO
XPDR
XPL
XPLR
XPO
XPOI
XPRT
XPWR
XRA
XRAY
XREE
XREG
XRF
XRM
XRSC
XRTX
XRX
XSNX
XSONF
XSPY
XSVT
XTEL
XTGRF
XTLB
XTLS
XTLY
XTNT
XTNY
XTPH
XTRGQ
XTRM
XTRN
XTXI
XUE
XUNA
XVIX
XVZ
XWES
XXAAC
XXAAL
XXAAO
XXBNA
XXBSF
XXBTA
XXBVF
XXCCB
XXCDO
XXCGA
XXCGB
XXCGC
XXEBA
XXEOJ
XXESA
XXFPL
XXGGD
XXGZG
XXGZH
XXIA
XXICL
XXICM
XXICN
XXII
XXLOE
XXLOF
XXLOL
XXMFF
XXNCB
XXNCC
XXV
XYL
XYNH
Y
YAR
YBAO
YBIN
YBLT
YBTVQ
YCB
YDGE
YDKN
YDLE
YDNT
YDVL
YECO
YELP
YERR
YESD
YESFY
YEVN
YEWB
YEXT
YGE
YGRO
YGYI
YHDT
YHOO
YIHG
YIN
YIPI
YITD
YNDX
YOGA
YOKU
YONG
YORK
YORW
YOSN
YPF
YPI
YPPN
YRCW
YRD
YRLS
YSTR
YSYB
YTBLQ
YTEC
YTEN
YTFD
YTRA
YUANF
YUII
YUM
YUMA
YUMC
YUME
YUMM
YUSG
YY
YYEQF
YYEQG
YYEUE
YYLBB
YYSSM
YYY
YYY
YZC
YZSK
Z
Z74
ZA
ZAAP
ZAGG
ZAIS
ZANE
ZAVVV
ZAYO
ZAZA
ZBB
ZBH
ZBIT
ZBRA
ZCOM
ZDEC
ZDGE
ZDLA
ZDPY
ZEAL
ZEN
ZENG
ZENO
ZEON
ZEP
ZEUS
ZF
ZF
ZFGN
ZGCO
ZGNX
ZGSI
ZHYLF
ZICX
ZIGO
ZIMCF
ZINC
ZION
ZIOP
ZIPG
ZIPL
ZIPR
ZIVO
ZIXI
ZKIN
ZLAB
ZLC
ZLTQ
ZMBC
ZMDC
ZMGD
ZMMM
ZMNL
ZMRK
ZMTP
ZN
ZNAE
ZNBR
ZNCMP
ZNDX
ZNGA
ZNH
ZNNC
ZNRG
ZNT
ZNTR
ZNXT
ZOES
ZOLL
ZOLR
ZOLT
ZONX
ZOOM
ZORM
ZPAS
ZPCM
ZPIN
ZPLSQ
ZPNP
ZQK
ZRMG
ZRSCF
ZRVT
ZRZH
ZSAN
ZSPH
ZSTN
ZTO
ZTO
ZTS
ZU
ZUMZ
ZUPC
ZVTK
ZVUE
ZWBC
ZWIH
ZWRR
ZX
ZYCI
ZYNE
ZYRX
ZYTO
ZYXI
ZZBHI
ZZDBV
ZZDQJ
ZZEFB
ZZHJB
ZZKNB
ZZLL